Component: ARM Compiler 5.06 update 4 (build 422) Tool: armlink [4d35d2]

==============================================================================

Section Cross References

    main.o(i.main) refers to pac523x_init.o(i.peripheral_init) for peripheral_init
    main.o(i.main) refers to pac523x_init.o(i.cafe_init) for cafe_init
    main.o(i.main) refers to isr_systick.o(i.init_SysTick_time_base) for init_SysTick_time_base
    main.o(i.main) refers to debug_dac.o(i.debug_dac_init) for debug_dac_init
    main.o(i.main) refers to bldc_misc_functions.o(i.bldc_motor_init_parameters) for bldc_motor_init_parameters
    main.o(i.main) refers to user_parameter.o(i.user_param_fill) for user_param_fill
    main.o(i.main) refers to main.o(.bss) for .bss
    main.o(i.main) refers to main.o(.data) for .data
    pac523x_app.o(i.init_over_current_limit) refers to pac5xxx_driver_tile_socbridge.o(i.pac5xxx_tile_register_write) for pac5xxx_tile_register_write
    pac523x_app.o(i.pwm_enable) refers to pac5xxx_driver_tile_socbridge.o(i.pac5xxx_tile_register_write) for pac5xxx_tile_register_write
    pac523x_app.o(i.pwm_enable) refers to main.o(.bss) for bldc_m1
    pac523x_app.o(ramfunc) refers to bldc_misc_functions.o(ramfunc) for get_curent_adc_value
    pac523x_app.o(ramfunc) refers to fix16.o(ramfunc) for fix16_mul_new_16_16
    pac523x_app.o(ramfunc) refers to pac5xxx_driver_tile_socbridge.o(i.pac5xxx_tile_register_write) for pac5xxx_tile_register_write
    pac523x_app.o(ramfunc) refers to pac5xxx_driver_tile_socbridge.o(i.pac5xxx_tile_register_read) for pac5xxx_tile_register_read
    pac523x_app.o(ramfunc) refers to main.o(.bss) for bldc_m1
    pac523x_app.o(ramfunc) refers to pac523x_app.o(.constdata) for .constdata
    pac523x_app.o(ramfunc) refers to main.o(.data) for main_machine_state
    pac523x_init.o(i.cafe_init) refers to pac5xxx_driver_tile_socbridge_config.o(i.pac5xxx_tile_socbridge_config) for pac5xxx_tile_socbridge_config
    pac523x_init.o(i.cafe_init) refers to pac5xxx_driver_tile_socbridge.o(i.pac5xxx_tile_register_read) for pac5xxx_tile_register_read
    pac523x_init.o(i.cafe_init) refers to pac5xxx_driver_tile_socbridge.o(i.pac5xxx_tile_register_write) for pac5xxx_tile_register_write
    pac523x_init.o(i.cafe_init) refers to pac523x_app.o(ramfunc) for app_amplifier_gain_init
    pac523x_init.o(i.cafe_init) refers to pac523x_app.o(i.init_over_current_limit) for init_over_current_limit
    pac523x_init.o(i.peripheral_init) refers to pac5xxx_driver_tile_socbridge_config.o(i.pac5xxx_tile_socbridge_config) for pac5xxx_tile_socbridge_config
    pac523x_init.o(i.peripheral_init) refers to pac5xxx_driver_tile_socbridge.o(i.pac5xxx_tile_register_write) for pac5xxx_tile_register_write
    pac523x_init.o(i.peripheral_init) refers to bldc_misc_functions.o(i.set_fault) for set_fault
    pac523x_init.o(i.peripheral_init) refers to pac5xxx_driver_tile_socbridge.o(i.pac5xxx_tile_register_read) for pac5xxx_tile_register_read
    pac523x_init.o(i.peripheral_init) refers to pac5xxx_driver_system_pll_config_mhz.o(i.pac5xxx_sys_pll_config) for pac5xxx_sys_pll_config
    pac523x_init.o(i.peripheral_init) refers to pac5xxx_driver_system_ccs_config.o(i.pac5xxx_sys_ccs_config) for pac5xxx_sys_ccs_config
    pac523x_init.o(i.peripheral_init) refers to pac5xxx_driver_memctl_config.o(i.pac5xxx_memctl_wait_state) for pac5xxx_memctl_wait_state
    pac523x_init.o(i.peripheral_init) refers to pac5xxx_driver_timer_clock_config.o(i.pac5xxx_timer_clock_config) for pac5xxx_timer_clock_config
    pac523x_init.o(i.peripheral_init) refers to pac5xxx_driver_timer_base_config.o(i.pac5xxx_timer_base_config) for pac5xxx_timer_base_config
    pac523x_init.o(i.peripheral_init) refers to pac5xxx_driver_timer_cctrl_config.o(i.pac5xxx_timer_cctrl_config) for pac5xxx_timer_cctrl_config
    pac523x_init.o(i.peripheral_init) refers to pac523x_init.o(i.__NVIC_SetPriority) for __NVIC_SetPriority
    pac523x_init.o(i.peripheral_init) refers to pac523x_init.o(i.__NVIC_EnableIRQ) for __NVIC_EnableIRQ
    pac523x_init.o(i.peripheral_init) refers to pac5xxx_driver_timer_dtg_config.o(i.pac5xxx_dtg_config) for pac5xxx_dtg_config
    pac523x_init.o(i.peripheral_init) refers to pac5xxx_driver_timer_base_int_enable.o(i.pac5xxx_timer_base_int_enable) for pac5xxx_timer_base_int_enable
    pac523x_init.o(i.peripheral_init) refers to pac523x_init.o(i.__NVIC_DisableIRQ) for __NVIC_DisableIRQ
    pac523x_init.o(i.peripheral_init) refers to pac523x_init.o(i.pac5xxx_gpio_int_mask_b) for pac5xxx_gpio_int_mask_b
    pac523x_init.o(i.peripheral_init) refers to pac5xxx_driver_uart_config.o(i.pac5xxx_uart_io_config) for pac5xxx_uart_io_config
    pac523x_init.o(i.peripheral_init) refers to pac5xxx_driver_uart_config.o(i.pac5xxx_uart_config_LCR) for pac5xxx_uart_config_LCR
    pac523x_init.o(i.peripheral_init) refers to pac5xxx_driver_uart_config.o(i.pac5xxx_uart_config_divisor_latch) for pac5xxx_uart_config_divisor_latch
[...]
    Removing pac5xxx_driver_timer_cctrl_int.o(i.pac5xxx_timer_cctrl_int_clear), (20 bytes).
    Removing pac5xxx_driver_timer_cctrl_int.o(i.pac5xxx_timer_cctrl_int_enable), (36 bytes).
    Removing pac5xxx_driver_timer_cctrl_int.o(i.timer_ccr_to_handle), (176 bytes).
    Removing pac5xxx_driver_timer_clear.o(.rev16_text), (4 bytes).
    Removing pac5xxx_driver_timer_clear.o(.revsh_text), (4 bytes).
    Removing pac5xxx_driver_timer_clear.o(i.pac5xxx_timer_clear), (64 bytes).
    Removing pac5xxx_driver_timer_clock_config.o(.rev16_text), (4 bytes).
    Removing pac5xxx_driver_timer_clock_config.o(.revsh_text), (4 bytes).
    Removing pac5xxx_driver_timer_dtg_config.o(.rev16_text), (4 bytes).
    Removing pac5xxx_driver_timer_dtg_config.o(.revsh_text), (4 bytes).
    Removing pac5xxx_driver_timer_dtg_config.o(i.pac5xxx_dtg_clock_prescale), (64 bytes).
    Removing pac5xxx_driver_timer_set_period.o(.rev16_text), (4 bytes).
    Removing pac5xxx_driver_timer_set_period.o(.revsh_text), (4 bytes).
    Removing pac5xxx_driver_timer_set_period.o(i.pac5xxx_timer_set_period), (52 bytes).
    Removing pac5xxx_driver_uart_config.o(.rev16_text), (4 bytes).
    Removing pac5xxx_driver_uart_config.o(.revsh_text), (4 bytes).
    Removing pac5xxx_driver_uart_config.o(i.pac5xxx_uart_config_MCR), (84 bytes).
    Removing pac5xxx_driver_uart_config.o(i.pac5xxx_uart_config_divisor_latch_remapped), (32 bytes).
    Removing pac5xxx_driver_watchdog_clear_if.o(.rev16_text), (4 bytes).
    Removing pac5xxx_driver_watchdog_clear_if.o(.revsh_text), (4 bytes).
    Removing pac5xxx_driver_watchdog_clear_if.o(i.pac5xxx_watchdog_clear_if), (28 bytes).
    Removing pac5xxx_driver_watchdog_config.o(.rev16_text), (4 bytes).
    Removing pac5xxx_driver_watchdog_config.o(.revsh_text), (4 bytes).
    Removing pac5xxx_driver_watchdog_config.o(i.pac5xxx_watchdog_config), (72 bytes).
    Removing pac5xxx_driver_watchdog_config_clock.o(.rev16_text), (4 bytes).
    Removing pac5xxx_driver_watchdog_config_clock.o(.revsh_text), (4 bytes).
    Removing pac5xxx_driver_watchdog_config_clock.o(i.pac5xxx_watchdog_config_clock), (52 bytes).
    Removing pac5xxx_driver_watchdog_reset.o(.rev16_text), (4 bytes).
    Removing pac5xxx_driver_watchdog_reset.o(.revsh_text), (4 bytes).
    Removing pac5xxx_driver_watchdog_reset.o(i.pac5xxx_watchdog_reset), (36 bytes).
    Removing system_pac5xxx.o(.rev16_text), (4 bytes).
    Removing system_pac5xxx.o(.revsh_text), (4 bytes).
    Removing system_pac5xxx.o(i.SystemCoreClockUpdate), (16 bytes).
    Removing sim.o(.rev16_text), (4 bytes).
    Removing sim.o(.revsh_text), (4 bytes).

279 unused section(s) (total 6111 bytes) removed from the image.

==============================================================================

Image Symbol Table

    Local Symbols

    Symbol Name                              Value     Ov Type        Size  Object(Section)

    RESET                                    0x00000000   Section      144  startup_pac5xxx_keil.o(RESET)
    ../clib/angel/boardlib.s                 0x00000000   Number         0  boardshut.o ABSOLUTE
    ../clib/angel/boardlib.s                 0x00000000   Number         0  boardinit3.o ABSOLUTE
    ../clib/angel/boardlib.s                 0x00000000   Number         0  boardinit2.o ABSOLUTE
    ../clib/angel/boardlib.s                 0x00000000   Number         0  boardinit1.o ABSOLUTE
    ../clib/angel/handlers.s                 0x00000000   Number         0  __scatter_zi.o ABSOLUTE
    ../clib/angel/handlers.s                 0x00000000   Number         0  __scatter_copy.o ABSOLUTE
    ../clib/angel/kernel.s                   0x00000000   Number         0  __rtentry4.o ABSOLUTE
    ../clib/angel/kernel.s                   0x00000000   Number         0  __rtentry.o ABSOLUTE
    ../clib/angel/kernel.s                   0x00000000   Number         0  rtexit.o ABSOLUTE
    ../clib/angel/kernel.s                   0x00000000   Number         0  rtexit2.o ABSOLUTE
    ../clib/angel/kernel.s                   0x00000000   Number         0  __rtentry2.o ABSOLUTE
    ../clib/angel/rt.s                       0x00000000   Number         0  rt_raise.o ABSOLUTE
    ../clib/angel/scatterp.s                 0x00000000   Number         0  __scatter.o ABSOLUTE
    ../clib/angel/startup.s                  0x00000000   Number         0  __main.o ABSOLUTE
    ../clib/angel/sys.s                      0x00000000   Number         0  libspace.o ABSOLUTE
    ../clib/angel/sys.s                      0x00000000   Number         0  indicate_semi.o ABSOLUTE
    ../clib/angel/sys.s                      0x00000000   Number         0  use_no_semi.o ABSOLUTE
    ../clib/angel/sys.s                      0x00000000   Number         0  sys_stackheap_outer.o ABSOLUTE
    ../clib/angel/sys.s                      0x00000000   Number         0  tempstk.o ABSOLUTE
    ../clib/angel/sysapp.c                   0x00000000   Number         0  sys_exit.o ABSOLUTE
    ../clib/angel/sysapp.c                   0x00000000   Number         0  sys_command.o ABSOLUTE
    ../clib/angel/sysapp.c                   0x00000000   Number         0  sys_wrch.o ABSOLUTE
    ../clib/armsys.c                         0x00000000   Number         0  argv_veneer.o ABSOLUTE
    ../clib/armsys.c                         0x00000000   Number         0  _get_argv_nomalloc.o ABSOLUTE
    ../clib/armsys.c                         0x00000000   Number         0  no_argv.o ABSOLUTE
    ../clib/heapalloc.c                      0x00000000   Number         0  hrguard.o ABSOLUTE
    ../clib/heapaux.c                        0x00000000   Number         0  heapauxi.o ABSOLUTE
    ../clib/libinit.s                        0x00000000   Number         0  libinit2.o ABSOLUTE
    ../clib/libinit.s                        0x00000000   Number         0  libshutdown.o ABSOLUTE
    ../clib/libinit.s                        0x00000000   Number         0  libshutdown2.o ABSOLUTE
    ../clib/libinit.s                        0x00000000   Number         0  libinit.o ABSOLUTE
    ../clib/signal.c                         0x00000000   Number         0  defsig_other.o ABSOLUTE
    ../clib/signal.c                         0x00000000   Number         0  defsig_rtmem_inner.o ABSOLUTE
    ../clib/signal.c                         0x00000000   Number         0  defsig_rtmem_outer.o ABSOLUTE
    ../clib/signal.c                         0x00000000   Number         0  defsig_rtmem_formal.o ABSOLUTE
    ../clib/signal.c                         0x00000000   Number         0  defsig_exit.o ABSOLUTE
    ../clib/signal.c                         0x00000000   Number         0  __raise.o ABSOLUTE
    ../clib/signal.c                         0x00000000   Number         0  defsig_general.o ABSOLUTE
    ../clib/signal.c                         0x00000000   Number         0  defsig_abrt_inner.o ABSOLUTE
    ../clib/signal.c                         0x00000000   Number         0  defsig_fpe_inner.o ABSOLUTE
    ../clib/signal.c                         0x00000000   Number         0  defsig_rtred_inner.o ABSOLUTE
    ../clib/signal.c                         0x00000000   Number         0  defsig_stak_inner.o ABSOLUTE
    ../clib/signal.c                         0x00000000   Number         0  defsig_pvfn_inner.o ABSOLUTE
    ../clib/signal.c                         0x00000000   Number         0  defsig_cppl_inner.o ABSOLUTE
    ../clib/signal.c                         0x00000000   Number         0  defsig_segv_inner.o ABSOLUTE
    ../clib/signal.s                         0x00000000   Number         0  defsig.o ABSOLUTE
    ../clib/stdlib.c                         0x00000000   Number         0  exit.o ABSOLUTE
    ../fplib/cfplib/fpinit.c                 0x00000000   Number         0  fpinit.o ABSOLUTE
    ..\\pac5xxx_sdk\\pac5xxx_boot_KEIL\\system_pac5xxx.c 0x00000000   Number         0  system_pac5xxx.o ABSOLUTE
    ..\\pac5xxx_sdk\\pac5xxx_drivers\\pac5xxx_driver_adc_config.c 0x00000000   Number         0  pac5xxx_driver_adc_config.o ABSOLUTE
    ..\\pac5xxx_sdk\\pac5xxx_drivers\\pac5xxx_driver_adc_emux.c 0x00000000   Number         0  pac5xxx_driver_adc_emux.o ABSOLUTE
    ..\\pac5xxx_sdk\\pac5xxx_drivers\\pac5xxx_driver_adc_seq.c 0x00000000   Number         0  pac5xxx_driver_adc_seq.o ABSOLUTE
    ..\\pac5xxx_sdk\\pac5xxx_drivers\\pac5xxx_driver_arm_sleep.c 0x00000000   Number         0  pac5xxx_driver_arm_sleep.o ABSOLUTE
    ..\\pac5xxx_sdk\\pac5xxx_drivers\\pac5xxx_driver_gpio_interrupt.c 0x00000000   Number         0  pac5xxx_driver_gpio_interrupt.o ABSOLUTE
    ..\\pac5xxx_sdk\\pac5xxx_drivers\\pac5xxx_driver_gpio_io_enable.c 0x00000000   Number         0  pac5xxx_driver_gpio_io_enable.o ABSOLUTE
    ..\\pac5xxx_sdk\\pac5xxx_drivers\\pac5xxx_driver_i2c_config.c 0x00000000   Number         0  pac5xxx_driver_i2c_config.o ABSOLUTE
    ..\\pac5xxx_sdk\\pac5xxx_drivers\\pac5xxx_driver_i2c_int.c 0x00000000   Number         0  pac5xxx_driver_i2c_int.o ABSOLUTE
    ..\\pac5xxx_sdk\\pac5xxx_drivers\\pac5xxx_driver_i2c_read.c 0x00000000   Number         0  pac5xxx_driver_i2c_read.o ABSOLUTE
    ..\\pac5xxx_sdk\\pac5xxx_drivers\\pac5xxx_driver_i2c_write.c 0x00000000   Number         0  pac5xxx_driver_i2c_write.o ABSOLUTE
    ..\\pac5xxx_sdk\\pac5xxx_drivers\\pac5xxx_driver_memctl_config.c 0x00000000   Number         0  pac5xxx_driver_memctl_config.o ABSOLUTE
    ..\\pac5xxx_sdk\\pac5xxx_drivers\\pac5xxx_driver_rtc_clear_if.c 0x00000000   Number         0  pac5xxx_driver_rtc_clear_if.o ABSOLUTE
    ..\\pac5xxx_sdk\\pac5xxx_drivers\\pac5xxx_driver_rtc_config.c 0x00000000   Number         0  pac5xxx_driver_rtc_config.o ABSOLUTE
    ..\\pac5xxx_sdk\\pac5xxx_drivers\\pac5xxx_driver_rtc_reset.c 0x00000000   Number         0  pac5xxx_driver_rtc_reset.o ABSOLUTE
    ..\\pac5xxx_sdk\\pac5xxx_drivers\\pac5xxx_driver_socbridge_config.c 0x00000000   Number         0  pac5xxx_driver_socbridge_config.o ABSOLUTE
    ..\\pac5xxx_sdk\\pac5xxx_drivers\\pac5xxx_driver_socbridge_config_io.c 0x00000000   Number         0  pac5xxx_driver_socbridge_config_io.o ABSOLUTE
    ..\\pac5xxx_sdk\\pac5xxx_drivers\\pac5xxx_driver_socbridge_data.c 0x00000000   Number         0  pac5xxx_driver_socbridge_data.o ABSOLUTE
    ..\\pac5xxx_sdk\\pac5xxx_drivers\\pac5xxx_driver_spi_config_int.c 0x00000000   Number         0  pac5xxx_driver_spi_config_int.o ABSOLUTE
    ..\\pac5xxx_sdk\\pac5xxx_drivers\\pac5xxx_driver_spi_config_io.c 0x00000000   Number         0  pac5xxx_driver_spi_config_io.o ABSOLUTE
    ..\\pac5xxx_sdk\\pac5xxx_drivers\\pac5xxx_driver_spi_config_master.c 0x00000000   Number         0  pac5xxx_driver_spi_config_master.o ABSOLUTE
    ..\\pac5xxx_sdk\\pac5xxx_drivers\\pac5xxx_driver_spi_config_slave.c 0x00000000   Number         0  pac5xxx_driver_spi_config_slave.o ABSOLUTE
    ..\\pac5xxx_sdk\\pac5xxx_drivers\\pac5xxx_driver_system_ccs_config.c 0x00000000   Number         0  pac5xxx_driver_system_ccs_config.o ABSOLUTE
    ..\\pac5xxx_sdk\\pac5xxx_drivers\\pac5xxx_driver_system_pll_config.c 0x00000000   Number         0  pac5xxx_driver_system_pll_config.o ABSOLUTE
    ..\\pac5xxx_sdk\\pac5xxx_drivers\\pac5xxx_driver_system_pll_config_mhz.c 0x00000000   Number         0  pac5xxx_driver_system_pll_config_mhz.o ABSOLUTE
    ..\\pac5xxx_sdk\\pac5xxx_drivers\\pac5xxx_driver_tile_socbridge.c 0x00000000   Number         0  pac5xxx_driver_tile_socbridge.o ABSOLUTE
    ..\\pac5xxx_sdk\\pac5xxx_drivers\\pac5xxx_driver_tile_socbridge_burst.c 0x00000000   Number         0  pac5xxx_driver_tile_socbridge_burst.o ABSOLUTE
    ..\\pac5xxx_sdk\\pac5xxx_drivers\\pac5xxx_driver_tile_socbridge_config.c 0x00000000   Number         0  pac5xxx_driver_tile_socbridge_config.o ABSOLUTE
    ..\\pac5xxx_sdk\\pac5xxx_drivers\\pac5xxx_driver_tile_socbridge_validate.c 0x00000000   Number         0  pac5xxx_driver_tile_socbridge_validate.o ABSOLUTE
    ..\\pac5xxx_sdk\\pac5xxx_drivers\\pac5xxx_driver_timer_base_config.c 0x00000000   Number         0  pac5xxx_driver_timer_base_config.o ABSOLUTE
    ..\\pac5xxx_sdk\\pac5xxx_drivers\\pac5xxx_driver_timer_base_int.c 0x00000000   Number         0  pac5xxx_driver_timer_base_int.o ABSOLUTE
    ..\\pac5xxx_sdk\\pac5xxx_drivers\\pac5xxx_driver_timer_base_int_clear.c 0x00000000   Number         0  pac5xxx_driver_timer_base_int_clear.o ABSOLUTE
    ..\\pac5xxx_sdk\\pac5xxx_drivers\\pac5xxx_driver_timer_base_int_enable.c 0x00000000   Number         0  pac5xxx_driver_timer_base_int_enable.o ABSOLUTE
    ..\\pac5xxx_sdk\\pac5xxx_drivers\\pac5xxx_driver_timer_capture_latch_config.c 0x00000000   Number         0  pac5xxx_driver_timer_capture_latch_config.o ABSOLUTE
    ..\\pac5xxx_sdk\\pac5xxx_drivers\\pac5xxx_driver_timer_cctrl_capture_config.c 0x00000000   Number         0  pac5xxx_driver_timer_cctrl_capture_config.o ABSOLUTE
    ..\\pac5xxx_sdk\\pac5xxx_drivers\\pac5xxx_driver_timer_cctrl_config.c 0x00000000   Number         0  pac5xxx_driver_timer_cctrl_config.o ABSOLUTE
    ..\\pac5xxx_sdk\\pac5xxx_drivers\\pac5xxx_driver_timer_cctrl_int.c 0x00000000   Number         0  pac5xxx_driver_timer_cctrl_int.o ABSOLUTE
    ..\\pac5xxx_sdk\\pac5xxx_drivers\\pac5xxx_driver_timer_clear.c 0x00000000   Number         0  pac5xxx_driver_timer_clear.o ABSOLUTE
    ..\\pac5xxx_sdk\\pac5xxx_drivers\\pac5xxx_driver_timer_clock_config.c 0x00000000   Number         0  pac5xxx_driver_timer_clock_config.o ABSOLUTE
    ..\\pac5xxx_sdk\\pac5xxx_drivers\\pac5xxx_driver_timer_dtg_config.c 0x00000000   Number         0  pac5xxx_driver_timer_dtg_config.o ABSOLUTE
    ..\\pac5xxx_sdk\\pac5xxx_drivers\\pac5xxx_driver_timer_set_period.c 0x00000000   Number         0  pac5xxx_driver_timer_set_period.o ABSOLUTE
    ..\\pac5xxx_sdk\\pac5xxx_drivers\\pac5xxx_driver_uart_config.c 0x00000000   Number         0  pac5xxx_driver_uart_config.o ABSOLUTE
    ..\\pac5xxx_sdk\\pac5xxx_drivers\\pac5xxx_driver_watchdog_clear_if.c 0x00000000   Number         0  pac5xxx_driver_watchdog_clear_if.o ABSOLUTE
    ..\\pac5xxx_sdk\\pac5xxx_drivers\\pac5xxx_driver_watchdog_config.c 0x00000000   Number         0  pac5xxx_driver_watchdog_config.o ABSOLUTE
    ..\\pac5xxx_sdk\\pac5xxx_drivers\\pac5xxx_driver_watchdog_config_clock.c 0x00000000   Number         0  pac5xxx_driver_watchdog_config_clock.o ABSOLUTE
    ..\\pac5xxx_sdk\\pac5xxx_drivers\\pac5xxx_driver_watchdog_reset.c 0x00000000   Number         0  pac5xxx_driver_watchdog_reset.o ABSOLUTE
    ..\\src\\ISR\\isr_adc.c                  0x00000000   Number         0  isr_adc.o ABSOLUTE
    ..\\src\\ISR\\isr_gpio.c                 0x00000000   Number         0  isr_gpio.o ABSOLUTE
    ..\\src\\ISR\\isr_systick.c              0x00000000   Number         0  isr_systick.o ABSOLUTE
    ..\\src\\ISR\\isr_timerA.c               0x00000000   Number         0  isr_timera.o ABSOLUTE
    ..\\src\\ISR\\isr_timerB.c               0x00000000   Number         0  isr_timerb.o ABSOLUTE
    ..\\src\\ISR\\isr_timerC.c               0x00000000   Number         0  isr_timerc.o ABSOLUTE
    ..\\src\\ISR\\isr_timerD.c               0x00000000   Number         0  isr_timerd.o ABSOLUTE
    ..\\src\\UART\\uart.c                    0x00000000   Number         0  uart.o ABSOLUTE
    ..\\src\\braking\\braking_control.c      0x00000000   Number         0  braking_control.o ABSOLUTE
    ..\\src\\debug\\debug_dac.c              0x00000000   Number         0  debug_dac.o ABSOLUTE
    ..\\src\\device\\PAC522x\\PAC522x_app.c  0x00000000   Number         0  pac522x_app.o ABSOLUTE
    ..\\src\\device\\PAC522x\\PAC522x_init.c 0x00000000   Number         0  pac522x_init.o ABSOLUTE
    ..\\src\\device\\PAC523x\\PAC523x_app.c  0x00000000   Number         0  pac523x_app.o ABSOLUTE
    ..\\src\\device\\PAC523x\\PAC523x_init.c 0x00000000   Number         0  pac523x_init.o ABSOLUTE
    ..\\src\\device\\PAC525x\\PAC525x_app.c  0x00000000   Number         0  pac525x_app.o ABSOLUTE
    ..\\src\\device\\PAC525x\\PAC525x_init.c 0x00000000   Number         0  pac525x_init.o ABSOLUTE
    ..\\src\\main.c                          0x00000000   Number         0  main.o ABSOLUTE
    ..\\src\\math\\fix16.c                   0x00000000   Number         0  fix16.o ABSOLUTE
    ..\\src\\math\\pid.c                     0x00000000   Number         0  pid.o ABSOLUTE
    ..\\src\\parameter\\user_parameter.c     0x00000000   Number         0  user_parameter.o ABSOLUTE
    ..\\src\\ppd\\ppd_config.c               0x00000000   Number         0  ppd_config.o ABSOLUTE
    ..\\src\\protect\\motor_protect_check.c  0x00000000   Number         0  motor_protect_check.o ABSOLUTE
    ..\\src\\sensored\\hall.c                0x00000000   Number         0  hall.o ABSOLUTE
    ..\\src\\sensorless\\align_and_go_process.c 0x00000000   Number         0  align_and_go_process.o ABSOLUTE
    ..\\src\\sensorless\\bldc_misc_functions.c 0x00000000   Number         0  bldc_misc_functions.o ABSOLUTE
    ..\\src\\sensorless\\get_zero_cross_point.c 0x00000000   Number         0  get_zero_cross_point.o ABSOLUTE
    ..\\src\\sensorless\\three_phase_sine_table.c 0x00000000   Number         0  three_phase_sine_table.o ABSOLUTE
    ..\\src\\sim\\sim.c                      0x00000000   Number         0  sim.o ABSOLUTE
    ..\\src\\sim\\sim_config.c               0x00000000   Number         0  sim_config.o ABSOLUTE
    ..\\src\\speed_cmd\\speed_ctr_PPM_cmd.c  0x00000000   Number         0  speed_ctr_ppm_cmd.o ABSOLUTE
    ..\\src\\speed_cmd\\speed_ctr_adc_cmd.c  0x00000000   Number         0  speed_ctr_adc_cmd.o ABSOLUTE
    ..\\src\\state_machine\\control_state_machine.c 0x00000000   Number         0  control_state_machine.o ABSOLUTE
    ..\\src\\state_machine\\main_state_machine.c 0x00000000   Number         0  main_state_machine.o ABSOLUTE
    ..\pac5xxx_sdk\pac5xxx_boot_KEIL\startup_pac5xxx_keil.s 0x00000000   Number         0  startup_pac5xxx_keil.o ABSOLUTE
    ..\pac5xxx_sdk\pac5xxx_boot_KEIL\system_pac5xxx.c 0x00000000   Number         0  system_pac5xxx.o ABSOLUTE
    ..\pac5xxx_sdk\pac5xxx_drivers\pac5xxx_driver_adc_config.c 0x00000000   Number         0  pac5xxx_driver_adc_config.o ABSOLUTE
    ..\pac5xxx_sdk\pac5xxx_drivers\pac5xxx_driver_adc_emux.c 0x00000000   Number         0  pac5xxx_driver_adc_emux.o ABSOLUTE
    ..\pac5xxx_sdk\pac5xxx_drivers\pac5xxx_driver_adc_seq.c 0x00000000   Number         0  pac5xxx_driver_adc_seq.o ABSOLUTE
    ..\pac5xxx_sdk\pac5xxx_drivers\pac5xxx_driver_arm_sleep.c 0x00000000   Number         0  pac5xxx_driver_arm_sleep.o ABSOLUTE
    ..\pac5xxx_sdk\pac5xxx_drivers\pac5xxx_driver_gpio_interrupt.c 0x00000000   Number         0  pac5xxx_driver_gpio_interrupt.o ABSOLUTE
    ..\pac5xxx_sdk\pac5xxx_drivers\pac5xxx_driver_gpio_io_enable.c 0x00000000   Number         0  pac5xxx_driver_gpio_io_enable.o ABSOLUTE
    ..\pac5xxx_sdk\pac5xxx_drivers\pac5xxx_driver_i2c_config.c 0x00000000   Number         0  pac5xxx_driver_i2c_config.o ABSOLUTE
    ..\pac5xxx_sdk\pac5xxx_drivers\pac5xxx_driver_i2c_int.c 0x00000000   Number         0  pac5xxx_driver_i2c_int.o ABSOLUTE
    ..\pac5xxx_sdk\pac5xxx_drivers\pac5xxx_driver_i2c_read.c 0x00000000   Number         0  pac5xxx_driver_i2c_read.o ABSOLUTE
    ..\pac5xxx_sdk\pac5xxx_drivers\pac5xxx_driver_i2c_write.c 0x00000000   Number         0  pac5xxx_driver_i2c_write.o ABSOLUTE
    ..\pac5xxx_sdk\pac5xxx_drivers\pac5xxx_driver_memctl_config.c 0x00000000   Number         0  pac5xxx_driver_memctl_config.o ABSOLUTE
    ..\pac5xxx_sdk\pac5xxx_drivers\pac5xxx_driver_rtc_clear_if.c 0x00000000   Number         0  pac5xxx_driver_rtc_clear_if.o ABSOLUTE
    ..\pac5xxx_sdk\pac5xxx_drivers\pac5xxx_driver_rtc_config.c 0x00000000   Number         0  pac5xxx_driver_rtc_config.o ABSOLUTE
    ..\pac5xxx_sdk\pac5xxx_drivers\pac5xxx_driver_rtc_reset.c 0x00000000   Number         0  pac5xxx_driver_rtc_reset.o ABSOLUTE
    ..\pac5xxx_sdk\pac5xxx_drivers\pac5xxx_driver_socbridge_config.c 0x00000000   Number         0  pac5xxx_driver_socbridge_config.o ABSOLUTE
    ..\pac5xxx_sdk\pac5xxx_drivers\pac5xxx_driver_socbridge_config_io.c 0x00000000   Number         0  pac5xxx_driver_socbridge_config_io.o ABSOLUTE
    ..\pac5xxx_sdk\pac5xxx_drivers\pac5xxx_driver_socbridge_data.c 0x00000000   Number         0  pac5xxx_driver_socbridge_data.o ABSOLUTE
    ..\pac5xxx_sdk\pac5xxx_drivers\pac5xxx_driver_spi_config_int.c 0x00000000   Number         0  pac5xxx_driver_spi_config_int.o ABSOLUTE
    ..\pac5xxx_sdk\pac5xxx_drivers\pac5xxx_driver_spi_config_io.c 0x00000000   Number         0  pac5xxx_driver_spi_config_io.o ABSOLUTE
    ..\pac5xxx_sdk\pac5xxx_drivers\pac5xxx_driver_spi_config_master.c 0x00000000   Number         0  pac5xxx_driver_spi_config_master.o ABSOLUTE
    ..\pac5xxx_sdk\pac5xxx_drivers\pac5xxx_driver_spi_config_slave.c 0x00000000   Number         0  pac5xxx_driver_spi_config_slave.o ABSOLUTE
    ..\pac5xxx_sdk\pac5xxx_drivers\pac5xxx_driver_system_ccs_config.c 0x00000000   Number         0  pac5xxx_driver_system_ccs_config.o ABSOLUTE
    ..\pac5xxx_sdk\pac5xxx_drivers\pac5xxx_driver_system_pll_config.c 0x00000000   Number         0  pac5xxx_driver_system_pll_config.o ABSOLUTE
    ..\pac5xxx_sdk\pac5xxx_drivers\pac5xxx_driver_system_pll_config_mhz.c 0x00000000   Number         0  pac5xxx_driver_system_pll_config_mhz.o ABSOLUTE
    ..\pac5xxx_sdk\pac5xxx_drivers\pac5xxx_driver_tile_socbridge.c 0x00000000   Number         0  pac5xxx_driver_tile_socbridge.o ABSOLUTE
    ..\pac5xxx_sdk\pac5xxx_drivers\pac5xxx_driver_tile_socbridge_burst.c 0x00000000   Number         0  pac5xxx_driver_tile_socbridge_burst.o ABSOLUTE
    ..\pac5xxx_sdk\pac5xxx_drivers\pac5xxx_driver_tile_socbridge_config.c 0x00000000   Number         0  pac5xxx_driver_tile_socbridge_config.o ABSOLUTE
    ..\pac5xxx_sdk\pac5xxx_drivers\pac5xxx_driver_tile_socbridge_validate.c 0x00000000   Number         0  pac5xxx_driver_tile_socbridge_validate.o ABSOLUTE
    ..\pac5xxx_sdk\pac5xxx_drivers\pac5xxx_driver_timer_base_config.c 0x00000000   Number         0  pac5xxx_driver_timer_base_config.o ABSOLUTE
    ..\pac5xxx_sdk\pac5xxx_drivers\pac5xxx_driver_timer_base_int.c 0x00000000   Number         0  pac5xxx_driver_timer_base_int.o ABSOLUTE
    ..\pac5xxx_sdk\pac5xxx_drivers\pac5xxx_driver_timer_base_int_clear.c 0x00000000   Number         0  pac5xxx_driver_timer_base_int_clear.o ABSOLUTE
    ..\pac5xxx_sdk\pac5xxx_drivers\pac5xxx_driver_timer_base_int_enable.c 0x00000000   Number         0  pac5xxx_driver_timer_base_int_enable.o ABSOLUTE
    ..\pac5xxx_sdk\pac5xxx_drivers\pac5xxx_driver_timer_capture_latch_config.c 0x00000000   Number         0  pac5xxx_driver_timer_capture_latch_config.o ABSOLUTE
    ..\pac5xxx_sdk\pac5xxx_drivers\pac5xxx_driver_timer_cctrl_capture_config.c 0x00000000   Number         0  pac5xxx_driver_timer_cctrl_capture_config.o ABSOLUTE
    ..\pac5xxx_sdk\pac5xxx_drivers\pac5xxx_driver_timer_cctrl_config.c 0x00000000   Number         0  pac5xxx_driver_timer_cctrl_config.o ABSOLUTE
    ..\pac5xxx_sdk\pac5xxx_drivers\pac5xxx_driver_timer_cctrl_int.c 0x00000000   Number         0  pac5xxx_driver_timer_cctrl_int.o ABSOLUTE
    ..\pac5xxx_sdk\pac5xxx_drivers\pac5xxx_driver_timer_clear.c 0x00000000   Number         0  pac5xxx_driver_timer_clear.o ABSOLUTE
    ..\pac5xxx_sdk\pac5xxx_drivers\pac5xxx_driver_timer_clock_config.c 0x00000000   Number         0  pac5xxx_driver_timer_clock_config.o ABSOLUTE
    ..\pac5xxx_sdk\pac5xxx_drivers\pac5xxx_driver_timer_dtg_config.c 0x00000000   Number         0  pac5xxx_driver_timer_dtg_config.o ABSOLUTE
    ..\pac5xxx_sdk\pac5xxx_drivers\pac5xxx_driver_timer_set_period.c 0x00000000   Number         0  pac5xxx_driver_timer_set_period.o ABSOLUTE
    ..\pac5xxx_sdk\pac5xxx_drivers\pac5xxx_driver_uart_config.c 0x00000000   Number         0  pac5xxx_driver_uart_config.o ABSOLUTE
    ..\pac5xxx_sdk\pac5xxx_drivers\pac5xxx_driver_watchdog_clear_if.c 0x00000000   Number         0  pac5xxx_driver_watchdog_clear_if.o ABSOLUTE
    ..\pac5xxx_sdk\pac5xxx_drivers\pac5xxx_driver_watchdog_config.c 0x00000000   Number         0  pac5xxx_driver_watchdog_config.o ABSOLUTE
    ..\pac5xxx_sdk\pac5xxx_drivers\pac5xxx_driver_watchdog_config_clock.c 0x00000000   Number         0  pac5xxx_driver_watchdog_config_clock.o ABSOLUTE
    ..\pac5xxx_sdk\pac5xxx_drivers\pac5xxx_driver_watchdog_reset.c 0x00000000   Number         0  pac5xxx_driver_watchdog_reset.o ABSOLUTE
    ..\src\ISR\isr_adc.c                     0x00000000   Number         0  isr_adc.o ABSOLUTE
    ..\src\ISR\isr_gpio.c                    0x00000000   Number         0  isr_gpio.o ABSOLUTE
    ..\src\ISR\isr_systick.c                 0x00000000   Number         0  isr_systick.o ABSOLUTE
    ..\src\ISR\isr_timerA.c                  0x00000000   Number         0  isr_timera.o ABSOLUTE
    ..\src\ISR\isr_timerB.c                  0x00000000   Number         0  isr_timerb.o ABSOLUTE
    ..\src\ISR\isr_timerC.c                  0x00000000   Number         0  isr_timerc.o ABSOLUTE
    ..\src\ISR\isr_timerD.c                  0x00000000   Number         0  isr_timerd.o ABSOLUTE
    ..\src\UART\uart.c                       0x00000000   Number         0  uart.o ABSOLUTE
    ..\src\braking\braking_control.c         0x00000000   Number         0  braking_control.o ABSOLUTE
    ..\src\debug\debug_dac.c                 0x00000000   Number         0  debug_dac.o ABSOLUTE
    ..\src\device\PAC522x\PAC522x_app.c      0x00000000   Number         0  pac522x_app.o ABSOLUTE
    ..\src\device\PAC522x\PAC522x_init.c     0x00000000   Number         0  pac522x_init.o ABSOLUTE
    ..\src\device\PAC523x\PAC523x_app.c      0x00000000   Number         0  pac523x_app.o ABSOLUTE
    ..\src\device\PAC523x\PAC523x_init.c     0x00000000   Number         0  pac523x_init.o ABSOLUTE
    ..\src\device\PAC525x\PAC525x_app.c      0x00000000   Number         0  pac525x_app.o ABSOLUTE
    ..\src\device\PAC525x\PAC525x_init.c     0x00000000   Number         0  pac525x_init.o ABSOLUTE
    ..\src\main.c                            0x00000000   Number         0  main.o ABSOLUTE
    ..\src\math\fix16.c                      0x00000000   Number         0  fix16.o ABSOLUTE
    ..\src\math\pid.c                        0x00000000   Number         0  pid.o ABSOLUTE
    ..\src\parameter\user_parameter.c        0x00000000   Number         0  user_parameter.o ABSOLUTE
    ..\src\ppd\ppd_config.c                  0x00000000   Number         0  ppd_config.o ABSOLUTE
    ..\src\protect\motor_protect_check.c     0x00000000   Number         0  motor_protect_check.o ABSOLUTE
    ..\src\sensored\hall.c                   0x00000000   Number         0  hall.o ABSOLUTE
    ..\src\sensorless\align_and_go_process.c 0x00000000   Number         0  align_and_go_process.o ABSOLUTE
    ..\src\sensorless\bldc_misc_functions.c  0x00000000   Number         0  bldc_misc_functions.o ABSOLUTE
    ..\src\sensorless\get_zero_cross_point.c 0x00000000   Number         0  get_zero_cross_point.o ABSOLUTE
    ..\src\sensorless\three_phase_sine_table.c 0x00000000   Number         0  three_phase_sine_table.o ABSOLUTE
    ..\src\sim\sim.c                         0x00000000   Number         0  sim.o ABSOLUTE
    ..\src\sim\sim_config.c                  0x00000000   Number         0  sim_config.o ABSOLUTE
    ..\src\speed_cmd\speed_ctr_PPM_cmd.c     0x00000000   Number         0  speed_ctr_ppm_cmd.o ABSOLUTE
    ..\src\speed_cmd\speed_ctr_adc_cmd.c     0x00000000   Number         0  speed_ctr_adc_cmd.o ABSOLUTE
    ..\src\state_machine\control_state_machine.c 0x00000000   Number         0  control_state_machine.o ABSOLUTE
    ..\src\state_machine\main_state_machine.c 0x00000000   Number         0  main_state_machine.o ABSOLUTE
    dc.s                                     0x00000000   Number         0  dc.o ABSOLUTE
    !!!main                                  0x00000090   Section        8  __main.o(!!!main)
    !!!scatter                               0x00000098   Section       60  __scatter.o(!!!scatter)
    !!handler_copy                           0x000000d4   Section       26  __scatter_copy.o(!!handler_copy)
    !!handler_zi                             0x000000f0   Section       28  __scatter_zi.o(!!handler_zi)
    .ARM.Collect$$libinit$$00000000          0x0000010c   Section        2  libinit.o(.ARM.Collect$$libinit$$00000000)
    .ARM.Collect$$libinit$$00000002          0x0000010e   Section        0  libinit2.o(.ARM.Collect$$libinit$$00000002)
    .ARM.Collect$$libinit$$00000004          0x0000010e   Section        0  libinit2.o(.ARM.Collect$$libinit$$00000004)
    .ARM.Collect$$libinit$$0000000A          0x0000010e   Section        0  libinit2.o(.ARM.Collect$$libinit$$0000000A)
    .ARM.Collect$$libinit$$0000000C          0x0000010e   Section        0  libinit2.o(.ARM.Collect$$libinit$$0000000C)
    .ARM.Collect$$libinit$$0000000E          0x0000010e   Section        0  libinit2.o(.ARM.Collect$$libinit$$0000000E)
    .ARM.Collect$$libinit$$00000011          0x0000010e   Section        0  libinit2.o(.ARM.Collect$$libinit$$00000011)
    .ARM.Collect$$libinit$$00000013          0x0000010e   Section        0  libinit2.o(.ARM.Collect$$libinit$$00000013)
    .ARM.Collect$$libinit$$00000015          0x0000010e   Section        0  libinit2.o(.ARM.Collect$$libinit$$00000015)
    .ARM.Collect$$libinit$$00000017          0x0000010e   Section        0  libinit2.o(.ARM.Collect$$libinit$$00000017)
    .ARM.Collect$$libinit$$00000019          0x0000010e   Section        0  libinit2.o(.ARM.Collect$$libinit$$00000019)
    .ARM.Collect$$libinit$$0000001B          0x0000010e   Section        0  libinit2.o(.ARM.Collect$$libinit$$0000001B)
    .ARM.Collect$$libinit$$0000001D          0x0000010e   Section        0  libinit2.o(.ARM.Collect$$libinit$$0000001D)
    .ARM.Collect$$libinit$$0000001F          0x0000010e   Section        0  libinit2.o(.ARM.Collect$$libinit$$0000001F)
    .ARM.Collect$$libinit$$00000021          0x0000010e   Section        0  libinit2.o(.ARM.Collect$$libinit$$00000021)
    .ARM.Collect$$libinit$$00000023          0x0000010e   Section        0  libinit2.o(.ARM.Collect$$libinit$$00000023)
    .ARM.Collect$$libinit$$00000025          0x0000010e   Section        0  libinit2.o(.ARM.Collect$$libinit$$00000025)
    .ARM.Collect$$libinit$$0000002C          0x0000010e   Section        0  libinit2.o(.ARM.Collect$$libinit$$0000002C)
    .ARM.Collect$$libinit$$0000002E          0x0000010e   Section        0  libinit2.o(.ARM.Collect$$libinit$$0000002E)
    .ARM.Collect$$libinit$$00000030          0x0000010e   Section        0  libinit2.o(.ARM.Collect$$libinit$$00000030)
    .ARM.Collect$$libinit$$00000032          0x0000010e   Section        0  libinit2.o(.ARM.Collect$$libinit$$00000032)
    .ARM.Collect$$libinit$$00000033          0x0000010e   Section        2  libinit2.o(.ARM.Collect$$libinit$$00000033)
    .ARM.Collect$$libshutdown$$00000000      0x00000110   Section        2  libshutdown.o(.ARM.Collect$$libshutdown$$00000000)
    .ARM.Collect$$libshutdown$$00000002      0x00000112   Section        0  libshutdown2.o(.ARM.Collect$$libshutdown$$00000002)
    .ARM.Collect$$libshutdown$$00000004      0x00000112   Section        0  libshutdown2.o(.ARM.Collect$$libshutdown$$00000004)
    .ARM.Collect$$libshutdown$$00000007      0x00000112   Section        0  libshutdown2.o(.ARM.Collect$$libshutdown$$00000007)
    .ARM.Collect$$libshutdown$$0000000A      0x00000112   Section        0  libshutdown2.o(.ARM.Collect$$libshutdown$$0000000A)
    .ARM.Collect$$libshutdown$$0000000C      0x00000112   Section        0  libshutdown2.o(.ARM.Collect$$libshutdown$$0000000C)
    .ARM.Collect$$libshutdown$$0000000F      0x00000112   Section        0  libshutdown2.o(.ARM.Collect$$libshutdown$$0000000F)
    .ARM.Collect$$libshutdown$$00000010      0x00000112   Section        2  libshutdown2.o(.ARM.Collect$$libshutdown$$00000010)
    .ARM.Collect$$rtentry$$00000000          0x00000114   Section        0  __rtentry.o(.ARM.Collect$$rtentry$$00000000)
    .ARM.Collect$$rtentry$$00000002          0x00000114   Section        0  __rtentry2.o(.ARM.Collect$$rtentry$$00000002)
    .ARM.Collect$$rtentry$$00000004          0x00000114   Section        6  __rtentry4.o(.ARM.Collect$$rtentry$$00000004)
    .ARM.Collect$$rtentry$$00000009          0x0000011a   Section        0  __rtentry2.o(.ARM.Collect$$rtentry$$00000009)
    .ARM.Collect$$rtentry$$0000000A          0x0000011a   Section        4  __rtentry2.o(.ARM.Collect$$rtentry$$0000000A)
    .ARM.Collect$$rtentry$$0000000C          0x0000011e   Section        0  __rtentry2.o(.ARM.Collect$$rtentry$$0000000C)
    .ARM.Collect$$rtentry$$0000000D          0x0000011e   Section        8  __rtentry2.o(.ARM.Collect$$rtentry$$0000000D)
    .ARM.Collect$$rtexit$$00000000           0x00000126   Section        2  rtexit.o(.ARM.Collect$$rtexit$$00000000)
    .ARM.Collect$$rtexit$$00000002           0x00000128   Section        0  rtexit2.o(.ARM.Collect$$rtexit$$00000002)
    .ARM.Collect$$rtexit$$00000003           0x00000128   Section        4  rtexit2.o(.ARM.Collect$$rtexit$$00000003)
    .ARM.Collect$$rtexit$$00000004           0x0000012c   Section        6  rtexit2.o(.ARM.Collect$$rtexit$$00000004)
    .text                                    0x00000134   Section       60  startup_pac5xxx_keil.o(.text)
    .text                                    0x00000170   Section        0  heapauxi.o(.text)
    .text                                    0x00000176   Section       62  sys_stackheap_outer.o(.text)
    .text                                    0x000001b4   Section        0  exit.o(.text)
    .text                                    0x000001c4   Section        8  libspace.o(.text)
    .text                                    0x000001cc   Section        0  sys_exit.o(.text)
    .text                                    0x000001d8   Section        2  use_no_semi.o(.text)
    .text                                    0x000001da   Section        0  indicate_semi.o(.text)
    i.ADC_IRQHandler                         0x000001dc   Section        0  isr_adc.o(i.ADC_IRQHandler)
    i.GpioB_IRQHandler                       0x0000021c   Section        0  isr_gpio.o(i.GpioB_IRQHandler)
    i.SysTick_Handler                        0x00000270   Section        0  isr_systick.o(i.SysTick_Handler)
    i.SystemInit                             0x000002a4   Section        0  system_pac5xxx.o(i.SystemInit)
    i.TimerB_IRQHandler                      0x000002b4   Section        0  isr_timerb.o(i.TimerB_IRQHandler)
    i.__ARM_common_switch8                   0x000002c4   Section        0  align_and_go_process.o(i.__ARM_common_switch8)
    i.__NVIC_EnableIRQ                       0x000002e0   Section        0  pac523x_init.o(i.__NVIC_EnableIRQ)
    __NVIC_EnableIRQ                         0x000002e1   Thumb Code    18  pac523x_init.o(i.__NVIC_EnableIRQ)
    .ARM.__at_0x02FC                         0x000002fc   Section        4  startup_pac5xxx_keil.o(.ARM.__at_0x02FC)
    i.__NVIC_DisableIRQ                      0x00000300   Section        0  pac523x_init.o(i.__NVIC_DisableIRQ)
    __NVIC_DisableIRQ                        0x00000301   Thumb Code    26  pac523x_init.o(i.__NVIC_DisableIRQ)
    i.__NVIC_DisableIRQ                      0x00000320   Section        0  bldc_misc_functions.o(i.__NVIC_DisableIRQ)
    __NVIC_DisableIRQ                        0x00000321   Thumb Code    26  bldc_misc_functions.o(i.__NVIC_DisableIRQ)
    i.__NVIC_EnableIRQ                       0x00000340   Section        0  align_and_go_process.o(i.__NVIC_EnableIRQ)
    __NVIC_EnableIRQ                         0x00000341   Thumb Code    18  align_and_go_process.o(i.__NVIC_EnableIRQ)
    i.__NVIC_SetPriority                     0x00000358   Section        0  pac523x_init.o(i.__NVIC_SetPriority)
    __NVIC_SetPriority                       0x00000359   Thumb Code    60  pac523x_init.o(i.__NVIC_SetPriority)
    i.__NVIC_SetPriority                     0x0000039c   Section        0  isr_systick.o(i.__NVIC_SetPriority)
    __NVIC_SetPriority                       0x0000039d   Thumb Code    60  isr_systick.o(i.__NVIC_SetPriority)
    i.bldc_motor_generic_ramp                0x000003e0   Section        0  bldc_misc_functions.o(i.bldc_motor_generic_ramp)
    i.bldc_motor_init_parameters             0x0000040c   Section        0  bldc_misc_functions.o(i.bldc_motor_init_parameters)
    i.bldc_motor_iq_ref_ramp                 0x00000468   Section        0  bldc_misc_functions.o(i.bldc_motor_iq_ref_ramp)
    i.bldc_motor_speed_ref_ramp              0x0000048c   Section        0  bldc_misc_functions.o(i.bldc_motor_speed_ref_ramp)
    i.cafe_init                              0x000004c4   Section        0  pac523x_init.o(i.cafe_init)
    i.control_state_machine                  0x000005bc   Section        0  control_state_machine.o(i.control_state_machine)
    i.debug_dac_init                         0x0000069c   Section        0  debug_dac.o(i.debug_dac_init)
    i.init_SysTick_time_base                 0x00000708   Section        0  isr_systick.o(i.init_SysTick_time_base)
    i.init_over_current_limit                0x00000738   Section        0  pac523x_app.o(i.init_over_current_limit)
    i.lose_angle_no_commutate_check          0x00000754   Section        0  motor_protect_check.o(i.lose_angle_no_commutate_check)
    i.main                                   0x000007a0   Section        0  main.o(i.main)
    i.main_state_machine                     0x000007e4   Section        0  main_state_machine.o(i.main_state_machine)
    i.motor_stop_state_reset                 0x000009a0   Section        0  bldc_misc_functions.o(i.motor_stop_state_reset)
    i.pac5xxx_adc_as0_config_pwm             0x00000a8c   Section        0  pac5xxx_driver_adc_seq.o(i.pac5xxx_adc_as0_config_pwm)
    i.pac5xxx_adc_as0_sequence_config        0x00000ad4   Section        0  pac5xxx_driver_adc_seq.o(i.pac5xxx_adc_as0_sequence_config)
    i.pac5xxx_adc_config                     0x00000b68   Section        0  pac5xxx_driver_adc_config.o(i.pac5xxx_adc_config)
    i.pac5xxx_adc_config_emux_io             0x00000ba0   Section        0  pac5xxx_driver_adc_emux.o(i.pac5xxx_adc_config_emux_io)
    i.pac5xxx_adc_config_io                  0x00000bc8   Section        0  pac5xxx_driver_adc_config.o(i.pac5xxx_adc_config_io)
    i.pac5xxx_adc_emux_config                0x00000bf0   Section        0  pac5xxx_driver_adc_emux.o(i.pac5xxx_adc_emux_config)
    i.pac5xxx_adc_enable                     0x00000c18   Section        0  pac523x_init.o(i.pac5xxx_adc_enable)
    pac5xxx_adc_enable                       0x00000c19   Thumb Code    20  pac523x_init.o(i.pac5xxx_adc_enable)
    i.pac5xxx_dtg_config                     0x00000c30   Section        0  pac5xxx_driver_timer_dtg_config.o(i.pac5xxx_dtg_config)
    i.pac5xxx_gpio_int_flag_clear_b          0x00000cdc   Section        0  isr_gpio.o(i.pac5xxx_gpio_int_flag_clear_b)
    pac5xxx_gpio_int_flag_clear_b            0x00000cdd   Thumb Code    14  isr_gpio.o(i.pac5xxx_gpio_int_flag_clear_b)
    i.pac5xxx_gpio_int_mask_b                0x00000cf0   Section        0  pac523x_init.o(i.pac5xxx_gpio_int_mask_b)
    pac5xxx_gpio_int_mask_b                  0x00000cf1   Thumb Code    14  pac523x_init.o(i.pac5xxx_gpio_int_mask_b)
    i.pac5xxx_memctl_wait_state              0x00000d04   Section        0  pac5xxx_driver_memctl_config.o(i.pac5xxx_memctl_wait_state)
    i.pac5xxx_socbridge_config               0x00000d24   Section        0  pac5xxx_driver_socbridge_config.o(i.pac5xxx_socbridge_config)
    i.pac5xxx_socbridge_config_chip_select   0x00000d7c   Section        0  pac5xxx_driver_socbridge_config.o(i.pac5xxx_socbridge_config_chip_select)
    i.pac5xxx_socbridge_config_io            0x00000db4   Section        0  pac5xxx_driver_socbridge_config_io.o(i.pac5xxx_socbridge_config_io)
    i.pac5xxx_sys_ccs_config                 0x00000e00   Section        0  pac5xxx_driver_system_ccs_config.o(i.pac5xxx_sys_ccs_config)
    i.pac5xxx_sys_pll_config                 0x00000e34   Section        0  pac5xxx_driver_system_pll_config_mhz.o(i.pac5xxx_sys_pll_config)
    i.pac5xxx_sys_pll_config_dividers        0x00000e70   Section        0  pac5xxx_driver_system_pll_config.o(i.pac5xxx_sys_pll_config_dividers)
    i.pac5xxx_sys_pll_enable                 0x00000ea8   Section        0  pac5xxx_driver_system_pll_config.o(i.pac5xxx_sys_pll_enable)
    i.pac5xxx_tile_register_read             0x00000ed0   Section        0  pac5xxx_driver_tile_socbridge.o(i.pac5xxx_tile_register_read)
    i.pac5xxx_tile_register_write            0x00000ef0   Section        0  pac5xxx_driver_tile_socbridge.o(i.pac5xxx_tile_register_write)
    i.pac5xxx_tile_socbridge_config          0x00000f14   Section        0  pac5xxx_driver_tile_socbridge_config.o(i.pac5xxx_tile_socbridge_config)
    i.pac5xxx_timer_base_config              0x00000f2c   Section        0  pac5xxx_driver_timer_base_config.o(i.pac5xxx_timer_base_config)
    i.pac5xxx_timer_base_int_enable          0x00000f90   Section        0  pac5xxx_driver_timer_base_int_enable.o(i.pac5xxx_timer_base_int_enable)
    i.pac5xxx_timer_cctrl_config             0x00000fd8   Section        0  pac5xxx_driver_timer_cctrl_config.o(i.pac5xxx_timer_cctrl_config)
    i.pac5xxx_timer_clock_config             0x000010b4   Section        0  pac5xxx_driver_timer_clock_config.o(i.pac5xxx_timer_clock_config)
    i.pac5xxx_uart_config_LCR                0x00001108   Section        0  pac5xxx_driver_uart_config.o(i.pac5xxx_uart_config_LCR)
    i.pac5xxx_uart_config_divisor_latch      0x0000117c   Section        0  pac5xxx_driver_uart_config.o(i.pac5xxx_uart_config_divisor_latch)
    i.pac5xxx_uart_config_fractional_divisor 0x0000119c   Section        0  pac5xxx_driver_uart_config.o(i.pac5xxx_uart_config_fractional_divisor)
    i.pac5xxx_uart_io_config                 0x000011b0   Section        0  pac5xxx_driver_uart_config.o(i.pac5xxx_uart_io_config)
    i.peripheral_init                        0x000011dc   Section        0  pac523x_init.o(i.peripheral_init)
    i.ready_for_bemf_mode                    0x000014ac   Section        0  align_and_go_process.o(i.ready_for_bemf_mode)
    i.set_fault                              0x00001558   Section        0  bldc_misc_functions.o(i.set_fault)
    i.square_wave_start_up_process           0x00001588   Section        0  align_and_go_process.o(i.square_wave_start_up_process)
    i.user_param_fill                        0x000016e4   Section        0  user_parameter.o(i.user_param_fill)
    i.vbus_voltage_Max_Min_protect           0x00001844   Section        0  motor_protect_check.o(i.vbus_voltage_Max_Min_protect)
    ramfunc                                  0x0000189c   Section        0  pac523x_app.o(ramfunc)
    ramfunc                                  0x00001aa0   Section        0  sim_config.o(ramfunc)
    ramfunc                                  0x00001aec   Section        0  fix16.o(ramfunc)
    ramfunc                                  0x00001b84   Section        0  pid.o(ramfunc)
    ramfunc                                  0x00001bf0   Section        0  isr_timera.o(ramfunc)
    ramfunc                                  0x00001c18   Section        0  isr_timerc.o(ramfunc)
    ramfunc                                  0x00001c30   Section        0  isr_timerd.o(ramfunc)
    ramfunc                                  0x00001d94   Section        0  bldc_misc_functions.o(ramfunc)
    ramfunc                                  0x00001e54   Section        0  get_zero_cross_point.o(ramfunc)
    ramfunc                                  0x00001ff8   Section        0  braking_control.o(ramfunc)
    ramfunc                                  0x00002140   Section        0  debug_dac.o(ramfunc)
    ramfunc                                  0x000021a4   Section        0  sim.o(ramfunc)
    .constdata                               0x00002510   Section       22  pac523x_app.o(.constdata)
    pwm_io_state                             0x00002510   Data           7  pac523x_app.o(.constdata)
    psel_mask_port_a                         0x00002518   Data          14  pac523x_app.o(.constdata)
    .constdata                               0x00002526   Section        8  sim_config.o(.constdata)
    .constdata                               0x0000252e   Section        8  sim_config.o(.constdata)
    .constdata                               0x00002536   Section        7  get_zero_cross_point.o(.constdata)
    .constdata                               0x0000253d   Section        7  get_zero_cross_point.o(.constdata)
    .constdata                               0x00002544   Section       14  get_zero_cross_point.o(.constdata)
    .constdata                               0x00002552   Section        7  get_zero_cross_point.o(.constdata)
    .data                                    0x20000000   Section        2  main.o(.data)
    .data                                    0x20000002   Section        1  main.o(.data)
    .data                                    0x20000004   Section        8  bldc_misc_functions.o(.data)
    iq_ramp_loop_count                       0x20000004   Data           4  bldc_misc_functions.o(.data)
    speed_ramp_loop_count                    0x20000008   Data           4  bldc_misc_functions.o(.data)
    .data                                    0x2000000c   Section      120  debug_dac.o(.data)
    .data                                    0x20000084   Section       12  debug_dac.o(.data)
    .data                                    0x20000090   Section        4  system_pac5xxx.o(.data)
    .bss                                     0x20000094   Section       60  main.o(.bss)
    .bss                                     0x200000d0   Section      348  main.o(.bss)
    .bss                                     0x2000022c   Section      104  sim_config.o(.bss)
    .bss                                     0x20000294   Section       88  ppd_config.o(.bss)
    .bss                                     0x200002ec   Section       44  debug_dac.o(.bss)
    .bss                                     0x20000318   Section       96  libspace.o(.bss)
    HEAP                                     0x20000378   Section        0  startup_pac5xxx_keil.o(HEAP)
    STACK                                    0x20000378   Section      256  startup_pac5xxx_keil.o(STACK)
    Heap_Mem                                 0x20000378   Data           0  startup_pac5xxx_keil.o(HEAP)
    Stack_Mem                                0x20000378   Data         256  startup_pac5xxx_keil.o(STACK)
    __initial_sp                             0x20000478   Data           0  startup_pac5xxx_keil.o(STACK)

    Global Symbols

    Symbol Name                              Value     Ov Type        Size  Object(Section)

    BuildAttributes$$THM_ISAv3M$S$PE$A:L22$X:L11$S22$IEEE1$IW$USESV6$~STKCKD$USESV7$~SHL$OSPACE$ROPI$EBA8$UX$STANDARDLIB$REQ8$PRES8$EABIv2 0x00000000   Number         0  anon$$obj.o ABSOLUTE
    __ARM_use_no_argv                        0x00000000   Number         0  main.o ABSOLUTE
    __Vectors                                0x00000000   Data           4  startup_pac5xxx_keil.o(RESET)
    __ARM_exceptions_init                     - Undefined Weak Reference
    __alloca_initialize                       - Undefined Weak Reference
    __arm_preinit_                            - Undefined Weak Reference
    __cpp_initialize__aeabi_                  - Undefined Weak Reference
    __cxa_finalize                            - Undefined Weak Reference
    __rt_locale                               - Undefined Weak Reference
    __sigvec_lookup                           - Undefined Weak Reference
    _atexit_init                              - Undefined Weak Reference
    _call_atexit_fns                          - Undefined Weak Reference
    _clock_init                               - Undefined Weak Reference
    _fp_trap_init                             - Undefined Weak Reference
    _fp_trap_shutdown                         - Undefined Weak Reference
    _get_lc_collate                           - Undefined Weak Reference
    _get_lc_ctype                             - Undefined Weak Reference
    _get_lc_monetary                          - Undefined Weak Reference
    _get_lc_numeric                           - Undefined Weak Reference
    _get_lc_time                              - Undefined Weak Reference
    _getenv_init                              - Undefined Weak Reference
    _handle_redirection                       - Undefined Weak Reference
    _init_alloc                               - Undefined Weak Reference
    _init_user_alloc                          - Undefined Weak Reference
    _initio                                   - Undefined Weak Reference
    _rand_init                                - Undefined Weak Reference
    _signal_finish                            - Undefined Weak Reference
    _signal_init                              - Undefined Weak Reference
    _terminate_alloc                          - Undefined Weak Reference
    _terminate_user_alloc                     - Undefined Weak Reference
    _terminateio                              - Undefined Weak Reference
    __main                                   0x00000091   Thumb Code     8  __main.o(!!!main)
    __scatterload                            0x00000099   Thumb Code     0  __scatter.o(!!!scatter)
    __scatterload_rt2                        0x00000099   Thumb Code    52  __scatter.o(!!!scatter)
    __scatterload_rt2_thumb_only             0x00000099   Thumb Code     0  __scatter.o(!!!scatter)
    __scatterload_null                       0x000000a9   Thumb Code     0  __scatter.o(!!!scatter)
    __scatterload_copy                       0x000000d5   Thumb Code    26  __scatter_copy.o(!!handler_copy)
    __scatterload_zeroinit                   0x000000f1   Thumb Code    28  __scatter_zi.o(!!handler_zi)
    __rt_lib_init                            0x0000010d   Thumb Code     0  libinit.o(.ARM.Collect$$libinit$$00000000)
    __rt_lib_init_alloca_1                   0x0000010f   Thumb Code     0  libinit2.o(.ARM.Collect$$libinit$$0000002E)
    __rt_lib_init_argv_1                     0x0000010f   Thumb Code     0  libinit2.o(.ARM.Collect$$libinit$$0000002C)
    __rt_lib_init_atexit_1                   0x0000010f   Thumb Code     0  libinit2.o(.ARM.Collect$$libinit$$0000001B)
    __rt_lib_init_clock_1                    0x0000010f   Thumb Code     0  libinit2.o(.ARM.Collect$$libinit$$00000021)
    __rt_lib_init_cpp_1                      0x0000010f   Thumb Code     0  libinit2.o(.ARM.Collect$$libinit$$00000032)
    __rt_lib_init_exceptions_1               0x0000010f   Thumb Code     0  libinit2.o(.ARM.Collect$$libinit$$00000030)
    __rt_lib_init_fp_1                       0x0000010f   Thumb Code     0  libinit2.o(.ARM.Collect$$libinit$$00000002)
    __rt_lib_init_fp_trap_1                  0x0000010f   Thumb Code     0  libinit2.o(.ARM.Collect$$libinit$$0000001F)
    __rt_lib_init_getenv_1                   0x0000010f   Thumb Code     0  libinit2.o(.ARM.Collect$$libinit$$00000023)
    __rt_lib_init_heap_1                     0x0000010f   Thumb Code     0  libinit2.o(.ARM.Collect$$libinit$$0000000A)
    __rt_lib_init_lc_collate_1               0x0000010f   Thumb Code     0  libinit2.o(.ARM.Collect$$libinit$$00000011)
    __rt_lib_init_lc_ctype_1                 0x0000010f   Thumb Code     0  libinit2.o(.ARM.Collect$$libinit$$00000013)
    __rt_lib_init_lc_monetary_1              0x0000010f   Thumb Code     0  libinit2.o(.ARM.Collect$$libinit$$00000015)
    __rt_lib_init_lc_numeric_1               0x0000010f   Thumb Code     0  libinit2.o(.ARM.Collect$$libinit$$00000017)
    __rt_lib_init_lc_time_1                  0x0000010f   Thumb Code     0  libinit2.o(.ARM.Collect$$libinit$$00000019)
    __rt_lib_init_preinit_1                  0x0000010f   Thumb Code     0  libinit2.o(.ARM.Collect$$libinit$$00000004)
    __rt_lib_init_rand_1                     0x0000010f   Thumb Code     0  libinit2.o(.ARM.Collect$$libinit$$0000000E)
    __rt_lib_init_return                     0x0000010f   Thumb Code     0  libinit2.o(.ARM.Collect$$libinit$$00000033)
    __rt_lib_init_signal_1                   0x0000010f   Thumb Code     0  libinit2.o(.ARM.Collect$$libinit$$0000001D)
    __rt_lib_init_stdio_1                    0x0000010f   Thumb Code     0  libinit2.o(.ARM.Collect$$libinit$$00000025)
    __rt_lib_init_user_alloc_1               0x0000010f   Thumb Code     0  libinit2.o(.ARM.Collect$$libinit$$0000000C)
    __rt_lib_shutdown                        0x00000111   Thumb Code     0  libshutdown.o(.ARM.Collect$$libshutdown$$00000000)
    __rt_lib_shutdown_cpp_1                  0x00000113   Thumb Code     0  libshutdown2.o(.ARM.Collect$$libshutdown$$00000002)
    __rt_lib_shutdown_fp_trap_1              0x00000113   Thumb Code     0  libshutdown2.o(.ARM.Collect$$libshutdown$$00000007)
    __rt_lib_shutdown_heap_1                 0x00000113   Thumb Code     0  libshutdown2.o(.ARM.Collect$$libshutdown$$0000000F)
    __rt_lib_shutdown_return                 0x00000113   Thumb Code     0  libshutdown2.o(.ARM.Collect$$libshutdown$$00000010)
    __rt_lib_shutdown_signal_1               0x00000113   Thumb Code     0  libshutdown2.o(.ARM.Collect$$libshutdown$$0000000A)
    __rt_lib_shutdown_stdio_1                0x00000113   Thumb Code     0  libshutdown2.o(.ARM.Collect$$libshutdown$$00000004)
    __rt_lib_shutdown_user_alloc_1           0x00000113   Thumb Code     0  libshutdown2.o(.ARM.Collect$$libshutdown$$0000000C)
    __rt_entry                               0x00000115   Thumb Code     0  __rtentry.o(.ARM.Collect$$rtentry$$00000000)
    __rt_entry_presh_1                       0x00000115   Thumb Code     0  __rtentry2.o(.ARM.Collect$$rtentry$$00000002)
    __rt_entry_sh                            0x00000115   Thumb Code     0  __rtentry4.o(.ARM.Collect$$rtentry$$00000004)
    __rt_entry_li                            0x0000011b   Thumb Code     0  __rtentry2.o(.ARM.Collect$$rtentry$$0000000A)
    __rt_entry_postsh_1                      0x0000011b   Thumb Code     0  __rtentry2.o(.ARM.Collect$$rtentry$$00000009)
    __rt_entry_main                          0x0000011f   Thumb Code     0  __rtentry2.o(.ARM.Collect$$rtentry$$0000000D)
    __rt_entry_postli_1                      0x0000011f   Thumb Code     0  __rtentry2.o(.ARM.Collect$$rtentry$$0000000C)
    __rt_exit                                0x00000127   Thumb Code     0  rtexit.o(.ARM.Collect$$rtexit$$00000000)
    __rt_exit_ls                             0x00000129   Thumb Code     0  rtexit2.o(.ARM.Collect$$rtexit$$00000003)
    __rt_exit_prels_1                        0x00000129   Thumb Code     0  rtexit2.o(.ARM.Collect$$rtexit$$00000002)
    __rt_exit_exit                           0x0000012d   Thumb Code     0  rtexit2.o(.ARM.Collect$$rtexit$$00000004)
    Reset_Handler                            0x00000135   Thumb Code     8  startup_pac5xxx_keil.o(.text)
    NMI_Handler                              0x0000013d   Thumb Code     2  startup_pac5xxx_keil.o(.text)
    HardFault_Handler                        0x0000013f   Thumb Code     2  startup_pac5xxx_keil.o(.text)
    MemManage_Handler                        0x00000141   Thumb Code     2  startup_pac5xxx_keil.o(.text)
    BusFault_Handler                         0x00000143   Thumb Code     2  startup_pac5xxx_keil.o(.text)
    UsageFault_Handler                       0x00000145   Thumb Code     2  startup_pac5xxx_keil.o(.text)
    SVC_Handler                              0x00000147   Thumb Code     2  startup_pac5xxx_keil.o(.text)
    DebugMon_Handler                         0x00000149   Thumb Code     2  startup_pac5xxx_keil.o(.text)
    PendSV_Handler                           0x0000014b   Thumb Code     2  startup_pac5xxx_keil.o(.text)
    EMUX_IRQHandler                          0x0000014f   Thumb Code     0  startup_pac5xxx_keil.o(.text)
    GpioA_IRQHandler                         0x0000014f   Thumb Code     0  startup_pac5xxx_keil.o(.text)
    GpioC_IRQHandler                         0x0000014f   Thumb Code     0  startup_pac5xxx_keil.o(.text)
    GpioD_IRQHandler                         0x0000014f   Thumb Code     0  startup_pac5xxx_keil.o(.text)
    GpioE_IRQHandler                         0x0000014f   Thumb Code     0  startup_pac5xxx_keil.o(.text)
    I2C_IRQHandler                           0x0000014f   Thumb Code     0  startup_pac5xxx_keil.o(.text)
    MemCtl_IRQHandler                        0x0000014f   Thumb Code     0  startup_pac5xxx_keil.o(.text)
    RTC_IRQHandler                           0x0000014f   Thumb Code     0  startup_pac5xxx_keil.o(.text)
    SPIB_IRQHandler                          0x0000014f   Thumb Code     0  startup_pac5xxx_keil.o(.text)
    SocBridge_IRQHandler                     0x0000014f   Thumb Code     0  startup_pac5xxx_keil.o(.text)
    SysClk_IRQHandler                        0x0000014f   Thumb Code     0  startup_pac5xxx_keil.o(.text)
    TimerAExt_IRQHandler                     0x0000014f   Thumb Code     0  startup_pac5xxx_keil.o(.text)
    UART_IRQHandler                          0x0000014f   Thumb Code     0  startup_pac5xxx_keil.o(.text)
    Wdt_IRQHandler                           0x0000014f   Thumb Code     0  startup_pac5xxx_keil.o(.text)
    __user_initial_stackheap                 0x00000151   Thumb Code     0  startup_pac5xxx_keil.o(.text)
    __use_two_region_memory                  0x00000171   Thumb Code     2  heapauxi.o(.text)
    __rt_heap_escrow$2region                 0x00000173   Thumb Code     2  heapauxi.o(.text)
    __rt_heap_expand$2region                 0x00000175   Thumb Code     2  heapauxi.o(.text)
    __user_setup_stackheap                   0x00000177   Thumb Code    62  sys_stackheap_outer.o(.text)
    exit                                     0x000001b5   Thumb Code    16  exit.o(.text)
    __user_libspace                          0x000001c5   Thumb Code     8  libspace.o(.text)
    __user_perproc_libspace                  0x000001c5   Thumb Code     0  libspace.o(.text)
    __user_perthread_libspace                0x000001c5   Thumb Code     0  libspace.o(.text)
    _sys_exit                                0x000001cd   Thumb Code     8  sys_exit.o(.text)
    __I$use$semihosting                      0x000001d9   Thumb Code     0  use_no_semi.o(.text)
    __use_no_semihosting_swi                 0x000001d9   Thumb Code     2  use_no_semi.o(.text)
    __semihosting_library_function           0x000001db   Thumb Code     0  indicate_semi.o(.text)
    ADC_IRQHandler                           0x000001dd   Thumb Code    54  isr_adc.o(i.ADC_IRQHandler)
    GpioB_IRQHandler                         0x0000021d   Thumb Code    66  isr_gpio.o(i.GpioB_IRQHandler)
    SysTick_Handler                          0x00000271   Thumb Code    46  isr_systick.o(i.SysTick_Handler)
    SystemInit                               0x000002a5   Thumb Code     8  system_pac5xxx.o(i.SystemInit)
    TimerB_IRQHandler                        0x000002b5   Thumb Code    12  isr_timerb.o(i.TimerB_IRQHandler)
    __ARM_common_switch8                     0x000002c5   Thumb Code    26  align_and_go_process.o(i.__ARM_common_switch8)
    bldc_motor_generic_ramp                  0x000003e1   Thumb Code    44  bldc_misc_functions.o(i.bldc_motor_generic_ramp)
    bldc_motor_init_parameters               0x0000040d   Thumb Code    78  bldc_misc_functions.o(i.bldc_motor_init_parameters)
    bldc_motor_iq_ref_ramp                   0x00000469   Thumb Code    30  bldc_misc_functions.o(i.bldc_motor_iq_ref_ramp)
    bldc_motor_speed_ref_ramp                0x0000048d   Thumb Code    48  bldc_misc_functions.o(i.bldc_motor_speed_ref_ramp)
    cafe_init                                0x000004c5   Thumb Code   242  pac523x_init.o(i.cafe_init)
    control_state_machine                    0x000005bd   Thumb Code   212  control_state_machine.o(i.control_state_machine)
    debug_dac_init                           0x0000069d   Thumb Code   100  debug_dac.o(i.debug_dac_init)
    init_SysTick_time_base                   0x00000709   Thumb Code    40  isr_systick.o(i.init_SysTick_time_base)
    init_over_current_limit                  0x00000739   Thumb Code    26  pac523x_app.o(i.init_over_current_limit)
    lose_angle_no_commutate_check            0x00000755   Thumb Code    64  motor_protect_check.o(i.lose_angle_no_commutate_check)
    main                                     0x000007a1   Thumb Code    54  main.o(i.main)
    main_state_machine                       0x000007e5   Thumb Code   418  main_state_machine.o(i.main_state_machine)
    motor_stop_state_reset                   0x000009a1   Thumb Code   200  bldc_misc_functions.o(i.motor_stop_state_reset)
    pac5xxx_adc_as0_config_pwm               0x00000a8d   Thumb Code    66  pac5xxx_driver_adc_seq.o(i.pac5xxx_adc_as0_config_pwm)
    pac5xxx_adc_as0_sequence_config          0x00000ad5   Thumb Code   142  pac5xxx_driver_adc_seq.o(i.pac5xxx_adc_as0_sequence_config)
    pac5xxx_adc_config                       0x00000b69   Thumb Code    52  pac5xxx_driver_adc_config.o(i.pac5xxx_adc_config)
    pac5xxx_adc_config_emux_io               0x00000ba1   Thumb Code    34  pac5xxx_driver_adc_emux.o(i.pac5xxx_adc_config_emux_io)
    pac5xxx_adc_config_io                    0x00000bc9   Thumb Code    36  pac5xxx_driver_adc_config.o(i.pac5xxx_adc_config_io)
    pac5xxx_adc_emux_config                  0x00000bf1   Thumb Code    34  pac5xxx_driver_adc_emux.o(i.pac5xxx_adc_emux_config)
    pac5xxx_dtg_config                       0x00000c31   Thumb Code   154  pac5xxx_driver_timer_dtg_config.o(i.pac5xxx_dtg_config)
    pac5xxx_memctl_wait_state                0x00000d05   Thumb Code    22  pac5xxx_driver_memctl_config.o(i.pac5xxx_memctl_wait_state)
    pac5xxx_socbridge_config                 0x00000d25   Thumb Code    84  pac5xxx_driver_socbridge_config.o(i.pac5xxx_socbridge_config)
    pac5xxx_socbridge_config_chip_select     0x00000d7d   Thumb Code    50  pac5xxx_driver_socbridge_config.o(i.pac5xxx_socbridge_config_chip_select)
    pac5xxx_socbridge_config_io              0x00000db5   Thumb Code    72  pac5xxx_driver_socbridge_config_io.o(i.pac5xxx_socbridge_config_io)
    pac5xxx_sys_ccs_config                   0x00000e01   Thumb Code    50  pac5xxx_driver_system_ccs_config.o(i.pac5xxx_sys_ccs_config)
    pac5xxx_sys_pll_config                   0x00000e35   Thumb Code    54  pac5xxx_driver_system_pll_config_mhz.o(i.pac5xxx_sys_pll_config)
    pac5xxx_sys_pll_config_dividers          0x00000e71   Thumb Code    52  pac5xxx_driver_system_pll_config.o(i.pac5xxx_sys_pll_config_dividers)
    pac5xxx_sys_pll_enable                   0x00000ea9   Thumb Code    34  pac5xxx_driver_system_pll_config.o(i.pac5xxx_sys_pll_enable)
    pac5xxx_tile_register_read               0x00000ed1   Thumb Code    26  pac5xxx_driver_tile_socbridge.o(i.pac5xxx_tile_register_read)
    pac5xxx_tile_register_write              0x00000ef1   Thumb Code    30  pac5xxx_driver_tile_socbridge.o(i.pac5xxx_tile_register_write)
    pac5xxx_tile_socbridge_config            0x00000f15   Thumb Code    22  pac5xxx_driver_tile_socbridge_config.o(i.pac5xxx_tile_socbridge_config)
    pac5xxx_timer_base_config                0x00000f2d   Thumb Code    84  pac5xxx_driver_timer_base_config.o(i.pac5xxx_timer_base_config)
    pac5xxx_timer_base_int_enable            0x00000f91   Thumb Code    56  pac5xxx_driver_timer_base_int_enable.o(i.pac5xxx_timer_base_int_enable)
    pac5xxx_timer_cctrl_config               0x00000fd9   Thumb Code   202  pac5xxx_driver_timer_cctrl_config.o(i.pac5xxx_timer_cctrl_config)
    pac5xxx_timer_clock_config               0x000010b5   Thumb Code    66  pac5xxx_driver_timer_clock_config.o(i.pac5xxx_timer_clock_config)
    pac5xxx_uart_config_LCR                  0x00001109   Thumb Code   110  pac5xxx_driver_uart_config.o(i.pac5xxx_uart_config_LCR)
    pac5xxx_uart_config_divisor_latch        0x0000117d   Thumb Code    28  pac5xxx_driver_uart_config.o(i.pac5xxx_uart_config_divisor_latch)
    pac5xxx_uart_config_fractional_divisor   0x0000119d   Thumb Code    14  pac5xxx_driver_uart_config.o(i.pac5xxx_uart_config_fractional_divisor)
    pac5xxx_uart_io_config                   0x000011b1   Thumb Code    40  pac5xxx_driver_uart_config.o(i.pac5xxx_uart_io_config)
    peripheral_init                          0x000011dd   Thumb Code   686  pac523x_init.o(i.peripheral_init)
    ready_for_bemf_mode                      0x000014ad   Thumb Code   144  align_and_go_process.o(i.ready_for_bemf_mode)
    set_fault                                0x00001559   Thumb Code    42  bldc_misc_functions.o(i.set_fault)
    square_wave_start_up_process             0x00001589   Thumb Code   326  align_and_go_process.o(i.square_wave_start_up_process)
    user_param_fill                          0x000016e5   Thumb Code   298  user_parameter.o(i.user_param_fill)
    vbus_voltage_Max_Min_protect             0x00001845   Thumb Code    78  motor_protect_check.o(i.vbus_voltage_Max_Min_protect)
    calculate_ibus_current                   0x0000189d   Thumb Code    60  pac523x_app.o(ramfunc)
    calculate_vbus_voltage                   0x000018d9   Thumb Code    38  pac523x_app.o(ramfunc)
    set_duty                                 0x000018ff   Thumb Code    10  pac523x_app.o(ramfunc)
    sine_start_up_set_duty                   0x00001909   Thumb Code    10  pac523x_app.o(ramfunc)
    commutate                                0x00001913   Thumb Code    40  pac523x_app.o(ramfunc)
    app_amplifier_gain_init                  0x0000193b   Thumb Code   132  pac523x_app.o(ramfunc)
    oc_reset                                 0x000019bf   Thumb Code   108  pac523x_app.o(ramfunc)
    pwm_disable                              0x00001a2b   Thumb Code    88  pac523x_app.o(ramfunc)
    sim_variable_init                        0x00001aa1   Thumb Code    32  sim_config.o(ramfunc)
    sim_bemf_adc_read                        0x00001ac1   Thumb Code    30  sim_config.o(ramfunc)
    fix16_mul_new_16_16                      0x00001aed   Thumb Code    44  fix16.o(ramfunc)
    fix16_div                                0x00001b19   Thumb Code   102  fix16.o(ramfunc)
    pid_reset                                0x00001b85   Thumb Code    12  pid.o(ramfunc)
    pid_run                                  0x00001b91   Thumb Code    76  pid.o(ramfunc)
    pid_sync                                 0x00001bdd   Thumb Code    18  pid.o(ramfunc)
    TimerA_IRQHandler                        0x00001bf1   Thumb Code    30  isr_timera.o(ramfunc)
    TimerC_IRQHandler                        0x00001c19   Thumb Code    18  isr_timerc.o(ramfunc)
    TimerD_IRQHandler                        0x00001c31   Thumb Code   316  isr_timerd.o(ramfunc)
    pwm_duty_control                         0x00001d95   Thumb Code    68  bldc_misc_functions.o(ramfunc)
    digital_low_pass_filter_for_Iq           0x00001dd9   Thumb Code    24  bldc_misc_functions.o(ramfunc)
    HertzToTicks                             0x00001df1   Thumb Code    34  bldc_misc_functions.o(ramfunc)
    get_curent_adc_value                     0x00001e13   Thumb Code    56  bldc_misc_functions.o(ramfunc)
    adc_get_rotor_position                   0x00001e55   Thumb Code     2  get_zero_cross_point.o(ramfunc)
    get_zero_crossing_point                  0x00001e57   Thumb Code   380  get_zero_cross_point.o(ramfunc)
    braking_init                             0x00001ff9   Thumb Code   122  braking_control.o(ramfunc)
    braking_PWM_control                      0x00002073   Thumb Code    22  braking_control.o(ramfunc)
    braking_charge_vbus_control              0x00002089   Thumb Code    58  braking_control.o(ramfunc)
    braking_detect_motor_state               0x000020c3   Thumb Code    92  braking_control.o(ramfunc)
    pwm_dac_debug_variable_to_fix16          0x00002141   Thumb Code    14  debug_dac.o(ramfunc)
    bldc_send_data_set_out_using_pwm         0x0000214f   Thumb Code    64  debug_dac.o(ramfunc)
    sim_detect_move_or_stop                  0x000021a5   Thumb Code    94  sim.o(ramfunc)
    sim_detect_bemf_position                 0x00002203   Thumb Code    98  sim.o(ramfunc)
    sim_detect_direction                     0x00002265   Thumb Code   148  sim.o(ramfunc)
    sim_mos_state_and_pwm_duty               0x000022f9   Thumb Code    84  sim.o(ramfunc)
    sim_into_bemf_mode                       0x0000234d   Thumb Code   154  sim.o(ramfunc)
    sim_process                              0x000023e7   Thumb Code   246  sim.o(ramfunc)
    sim_to_mos_state                         0x00002526   Data           8  sim_config.o(.constdata)
    sim_to_mos_state_rev                     0x0000252e   Data           8  sim_config.o(.constdata)
    slcomp_mux                               0x00002536   Data           7  get_zero_cross_point.o(.constdata)
    slcomp_next_state                        0x0000253d   Data           7  get_zero_cross_point.o(.constdata)
    slcomp_cross_polarity                    0x00002544   Data           7  get_zero_cross_point.o(.constdata)
    slcomp_cross_polarity_rev                0x0000254b   Data           7  get_zero_cross_point.o(.constdata)
    slcomp_next_state_rev                    0x00002552   Data           7  get_zero_cross_point.o(.constdata)
    Region$$Table$$Base                      0x0000255c   Number         0  anon$$obj.o(Region$$Table)
    Region$$Table$$Limit                     0x0000257c   Number         0  anon$$obj.o(Region$$Table)
    main_machine_state                       0x20000000   Data           1  main.o(.data)
    control_machine_state                    0x20000001   Data           1  main.o(.data)
    get_zero_cross_point_state               0x20000002   Data           1  main.o(.data)
    Test_PWM_FIX16                           0x2000000c   Data         120  debug_dac.o(.data)
    test_ptr1                                0x20000084   Data           4  debug_dac.o(.data)
    debug_scale_factor1                      0x20000088   Data           4  debug_dac.o(.data)
    debug_scale_factor2                      0x2000008c   Data           4  debug_dac.o(.data)
    SystemCoreClock                          0x20000090   Data           4  system_pac5xxx.o(.data)
    bldc_align_go                            0x20000094   Data          60  main.o(.bss)
    bldc_m1                                  0x200000d0   Data         348  main.o(.bss)
    bldc_sim_m1                              0x2000022c   Data         104  sim_config.o(.bss)
    motor_control_ppd                        0x20000294   Data          88  ppd_config.o(.bss)
    pwm_dac_debug_variable                   0x200002ec   Data          44  debug_dac.o(.bss)
    __libspace_start                         0x20000318   Data          96  libspace.o(.bss)
    __temporary_stack_top$libspace           0x20000378   Data           0  libspace.o(.bss)



==============================================================================

Memory Map of the image

  Image Entry point : 0x00000091

  Load Region LR_IROM1 (Base: 0x00000000, Size: 0x00002610, Max: 0x00008000, ABSOLUTE)

    Execution Region ER_IROM1 (Base: 0x00000000, Size: 0x0000257c, Max: 0x00008000, ABSOLUTE)

    Base Addr    Size         Type   Attr      Idx    E Section Name        Object

    0x00000000   0x00000090   Data   RO         2566    RESET               startup_pac5xxx_keil.o
    0x00000090   0x00000008   Code   RO         2799  * !!!main             c_p.l(__main.o)
    0x00000098   0x0000003c   Code   RO         2958    !!!scatter          c_p.l(__scatter.o)
    0x000000d4   0x0000001a   Code   RO         2960    !!handler_copy      c_p.l(__scatter_copy.o)
    0x000000ee   0x00000002   PAD
    0x000000f0   0x0000001c   Code   RO         2962    !!handler_zi        c_p.l(__scatter_zi.o)
    0x0000010c   0x00000002   Code   RO         2827    .ARM.Collect$$libinit$$00000000  c_p.l(libinit.o)
    0x0000010e   0x00000000   Code   RO         2835    .ARM.Collect$$libinit$$00000002  c_p.l(libinit2.o)
    0x0000010e   0x00000000   Code   RO         2837    .ARM.Collect$$libinit$$00000004  c_p.l(libinit2.o)
    0x0000010e   0x00000000   Code   RO         2840    .ARM.Collect$$libinit$$0000000A  c_p.l(libinit2.o)
    0x0000010e   0x00000000   Code   RO         2842    .ARM.Collect$$libinit$$0000000C  c_p.l(libinit2.o)
    0x0000010e   0x00000000   Code   RO         2844    .ARM.Collect$$libinit$$0000000E  c_p.l(libinit2.o)
    0x0000010e   0x00000000   Code   RO         2847    .ARM.Collect$$libinit$$00000011  c_p.l(libinit2.o)
    0x0000010e   0x00000000   Code   RO         2849    .ARM.Collect$$libinit$$00000013  c_p.l(libinit2.o)
    0x0000010e   0x00000000   Code   RO         2851    .ARM.Collect$$libinit$$00000015  c_p.l(libinit2.o)
    0x0000010e   0x00000000   Code   RO         2853    .ARM.Collect$$libinit$$00000017  c_p.l(libinit2.o)
    0x0000010e   0x00000000   Code   RO         2855    .ARM.Collect$$libinit$$00000019  c_p.l(libinit2.o)
    0x0000010e   0x00000000   Code   RO         2857    .ARM.Collect$$libinit$$0000001B  c_p.l(libinit2.o)
    0x0000010e   0x00000000   Code   RO         2859    .ARM.Collect$$libinit$$0000001D  c_p.l(libinit2.o)
    0x0000010e   0x00000000   Code   RO         2861    .ARM.Collect$$libinit$$0000001F  c_p.l(libinit2.o)
    0x0000010e   0x00000000   Code   RO         2863    .ARM.Collect$$libinit$$00000021  c_p.l(libinit2.o)
    0x0000010e   0x00000000   Code   RO         2865    .ARM.Collect$$libinit$$00000023  c_p.l(libinit2.o)
    0x0000010e   0x00000000   Code   RO         2867    .ARM.Collect$$libinit$$00000025  c_p.l(libinit2.o)
    0x0000010e   0x00000000   Code   RO         2871    .ARM.Collect$$libinit$$0000002C  c_p.l(libinit2.o)
    0x0000010e   0x00000000   Code   RO         2873    .ARM.Collect$$libinit$$0000002E  c_p.l(libinit2.o)
    0x0000010e   0x00000000   Code   RO         2875    .ARM.Collect$$libinit$$00000030  c_p.l(libinit2.o)
    0x0000010e   0x00000000   Code   RO         2877    .ARM.Collect$$libinit$$00000032  c_p.l(libinit2.o)
    0x0000010e   0x00000002   Code   RO         2878    .ARM.Collect$$libinit$$00000033  c_p.l(libinit2.o)
    0x00000110   0x00000002   Code   RO         2898    .ARM.Collect$$libshutdown$$00000000  c_p.l(libshutdown.o)
    0x00000112   0x00000000   Code   RO         2911    .ARM.Collect$$libshutdown$$00000002  c_p.l(libshutdown2.o)
    0x00000112   0x00000000   Code   RO         2913    .ARM.Collect$$libshutdown$$00000004  c_p.l(libshutdown2.o)
    0x00000112   0x00000000   Code   RO         2916    .ARM.Collect$$libshutdown$$00000007  c_p.l(libshutdown2.o)
    0x00000112   0x00000000   Code   RO         2919    .ARM.Collect$$libshutdown$$0000000A  c_p.l(libshutdown2.o)
    0x00000112   0x00000000   Code   RO         2921    .ARM.Collect$$libshutdown$$0000000C  c_p.l(libshutdown2.o)
    0x00000112   0x00000000   Code   RO         2924    .ARM.Collect$$libshutdown$$0000000F  c_p.l(libshutdown2.o)
    0x00000112   0x00000002   Code   RO         2925    .ARM.Collect$$libshutdown$$00000010  c_p.l(libshutdown2.o)
    0x00000114   0x00000000   Code   RO         2801    .ARM.Collect$$rtentry$$00000000  c_p.l(__rtentry.o)
    0x00000114   0x00000000   Code   RO         2803    .ARM.Collect$$rtentry$$00000002  c_p.l(__rtentry2.o)
    0x00000114   0x00000006   Code   RO         2815    .ARM.Collect$$rtentry$$00000004  c_p.l(__rtentry4.o)
    0x0000011a   0x00000000   Code   RO         2805    .ARM.Collect$$rtentry$$00000009  c_p.l(__rtentry2.o)
    0x0000011a   0x00000004   Code   RO         2806    .ARM.Collect$$rtentry$$0000000A  c_p.l(__rtentry2.o)
    0x0000011e   0x00000000   Code   RO         2808    .ARM.Collect$$rtentry$$0000000C  c_p.l(__rtentry2.o)
    0x0000011e   0x00000008   Code   RO         2809    .ARM.Collect$$rtentry$$0000000D  c_p.l(__rtentry2.o)
    0x00000126   0x00000002   Code   RO         2832    .ARM.Collect$$rtexit$$00000000  c_p.l(rtexit.o)
    0x00000128   0x00000000   Code   RO         2880    .ARM.Collect$$rtexit$$00000002  c_p.l(rtexit2.o)
    0x00000128   0x00000004   Code   RO         2881    .ARM.Collect$$rtexit$$00000003  c_p.l(rtexit2.o)
    0x0000012c   0x00000006   Code   RO         2882    .ARM.Collect$$rtexit$$00000004  c_p.l(rtexit2.o)
    0x00000132   0x00000002   PAD
    0x00000134   0x0000003c   Code   RO         2568    .text               startup_pac5xxx_keil.o
    0x00000170   0x00000006   Code   RO         2797    .text               c_p.l(heapauxi.o)
    0x00000176   0x0000003e   Code   RO         2817    .text               c_p.l(sys_stackheap_outer.o)
    0x000001b4   0x00000010   Code   RO         2820    .text               c_p.l(exit.o)
    0x000001c4   0x00000008   Code   RO         2828    .text               c_p.l(libspace.o)
    0x000001cc   0x0000000c   Code   RO         2890    .text               c_p.l(sys_exit.o)
    0x000001d8   0x00000002   Code   RO         2901    .text               c_p.l(use_no_semi.o)
    0x000001da   0x00000000   Code   RO         2903    .text               c_p.l(indicate_semi.o)
    0x000001da   0x00000002   PAD
    0x000001dc   0x00000040   Code   RO          604    i.ADC_IRQHandler    isr_adc.o
    0x0000021c   0x00000054   Code   RO          624    i.GpioB_IRQHandler  isr_gpio.o
    0x00000270   0x00000034   Code   RO          652    i.SysTick_Handler   isr_systick.o
    0x000002a4   0x00000010   Code   RO         2577    i.SystemInit        system_pac5xxx.o
    0x000002b4   0x00000010   Code   RO          709    i.TimerB_IRQHandler  isr_timerb.o
    0x000002c4   0x0000001a   Code   RO          985    i.__ARM_common_switch8  align_and_go_process.o
    0x000002de   0x00000002   PAD
    0x000002e0   0x00000018   Code   RO          358    i.__NVIC_EnableIRQ  pac523x_init.o
    0x000002f8   0x00000004   PAD
    0x000002fc   0x00000004   Code   RO         2567    .ARM.__at_0x02FC    startup_pac5xxx_keil.o
    0x00000300   0x00000020   Code   RO          357    i.__NVIC_DisableIRQ  pac523x_init.o
    0x00000320   0x00000020   Code   RO          856    i.__NVIC_DisableIRQ  bldc_misc_functions.o
    0x00000340   0x00000018   Code   RO          959    i.__NVIC_EnableIRQ  align_and_go_process.o
    0x00000358   0x00000044   Code   RO          359    i.__NVIC_SetPriority  pac523x_init.o
    0x0000039c   0x00000044   Code   RO          653    i.__NVIC_SetPriority  isr_systick.o
    0x000003e0   0x0000002c   Code   RO          857    i.bldc_motor_generic_ramp  bldc_misc_functions.o
    0x0000040c   0x0000005c   Code   RO          858    i.bldc_motor_init_parameters  bldc_misc_functions.o
    0x00000468   0x00000024   Code   RO          859    i.bldc_motor_iq_ref_ramp  bldc_misc_functions.o
    0x0000048c   0x00000038   Code   RO          860    i.bldc_motor_speed_ref_ramp  bldc_misc_functions.o
    0x000004c4   0x000000f8   Code   RO          360    i.cafe_init         pac523x_init.o
    0x000005bc   0x000000e0   Code   RO         1206    i.control_state_machine  control_state_machine.o
    0x0000069c   0x0000006c   Code   RO         1078    i.debug_dac_init    debug_dac.o
    0x00000708   0x00000030   Code   RO          654    i.init_SysTick_time_base  isr_systick.o
    0x00000738   0x0000001a   Code   RO          280    i.init_over_current_limit  pac523x_app.o
    0x00000752   0x00000002   PAD
    0x00000754   0x0000004c   Code   RO          423    i.lose_angle_no_commutate_check  motor_protect_check.o
    0x000007a0   0x00000044   Code   RO            3    i.main              main.o
    0x000007e4   0x000001bc   Code   RO         1260    i.main_state_machine  main_state_machine.o
    0x000009a0   0x000000ec   Code   RO          861    i.motor_stop_state_reset  bldc_misc_functions.o
    0x00000a8c   0x00000048   Code   RO         1332    i.pac5xxx_adc_as0_config_pwm  pac5xxx_driver_adc_seq.o
    0x00000ad4   0x00000094   Code   RO         1335    i.pac5xxx_adc_as0_sequence_config  pac5xxx_driver_adc_seq.o
    0x00000b68   0x00000038   Code   RO         1280    i.pac5xxx_adc_config  pac5xxx_driver_adc_config.o
    0x00000ba0   0x00000028   Code   RO         1306    i.pac5xxx_adc_config_emux_io  pac5xxx_driver_adc_emux.o
    0x00000bc8   0x00000028   Code   RO         1281    i.pac5xxx_adc_config_io  pac5xxx_driver_adc_config.o
    0x00000bf0   0x00000028   Code   RO         1307    i.pac5xxx_adc_emux_config  pac5xxx_driver_adc_emux.o
    0x00000c18   0x00000018   Code   RO          361    i.pac5xxx_adc_enable  pac523x_init.o
    0x00000c30   0x000000ac   Code   RO         2391    i.pac5xxx_dtg_config  pac5xxx_driver_timer_dtg_config.o
    0x00000cdc   0x00000014   Code   RO          625    i.pac5xxx_gpio_int_flag_clear_b  isr_gpio.o
    0x00000cf0   0x00000014   Code   RO          362    i.pac5xxx_gpio_int_mask_b  pac523x_init.o
    0x00000d04   0x00000020   Code   RO         1702    i.pac5xxx_memctl_wait_state  pac5xxx_driver_memctl_config.o
    0x00000d24   0x00000058   Code   RO         1797    i.pac5xxx_socbridge_config  pac5xxx_driver_socbridge_config.o
    0x00000d7c   0x00000038   Code   RO         1798    i.pac5xxx_socbridge_config_chip_select  pac5xxx_driver_socbridge_config.o
    0x00000db4   0x0000004c   Code   RO         1823    i.pac5xxx_socbridge_config_io  pac5xxx_driver_socbridge_config_io.o
    0x00000e00   0x00000032   Code   RO         2009    i.pac5xxx_sys_ccs_config  pac5xxx_driver_system_ccs_config.o
    0x00000e32   0x00000002   PAD
    0x00000e34   0x0000003c   Code   RO         2058    i.pac5xxx_sys_pll_config  pac5xxx_driver_system_pll_config_mhz.o
    0x00000e70   0x00000038   Code   RO         2032    i.pac5xxx_sys_pll_config_dividers  pac5xxx_driver_system_pll_config.o
    0x00000ea8   0x00000028   Code   RO         2033    i.pac5xxx_sys_pll_enable  pac5xxx_driver_system_pll_config.o
    0x00000ed0   0x00000020   Code   RO         2081    i.pac5xxx_tile_register_read  pac5xxx_driver_tile_socbridge.o
    0x00000ef0   0x00000024   Code   RO         2082    i.pac5xxx_tile_register_write  pac5xxx_driver_tile_socbridge.o
    0x00000f14   0x00000016   Code   RO         2133    i.pac5xxx_tile_socbridge_config  pac5xxx_driver_tile_socbridge_config.o
    0x00000f2a   0x00000002   PAD
    0x00000f2c   0x00000064   Code   RO         2173    i.pac5xxx_timer_base_config  pac5xxx_driver_timer_base_config.o
    0x00000f90   0x00000048   Code   RO         2233    i.pac5xxx_timer_base_int_enable  pac5xxx_driver_timer_base_int_enable.o
    0x00000fd8   0x000000dc   Code   RO         2293    i.pac5xxx_timer_cctrl_config  pac5xxx_driver_timer_cctrl_config.o
    0x000010b4   0x00000054   Code   RO         2370    i.pac5xxx_timer_clock_config  pac5xxx_driver_timer_clock_config.o
    0x00001108   0x00000074   Code   RO         2436    i.pac5xxx_uart_config_LCR  pac5xxx_driver_uart_config.o
    0x0000117c   0x00000020   Code   RO         2438    i.pac5xxx_uart_config_divisor_latch  pac5xxx_driver_uart_config.o
    0x0000119c   0x00000014   Code   RO         2440    i.pac5xxx_uart_config_fractional_divisor  pac5xxx_driver_uart_config.o
    0x000011b0   0x0000002c   Code   RO         2441    i.pac5xxx_uart_io_config  pac5xxx_driver_uart_config.o
    0x000011dc   0x000002d0   Code   RO          363    i.peripheral_init   pac523x_init.o
    0x000014ac   0x000000ac   Code   RO          960    i.ready_for_bemf_mode  align_and_go_process.o
    0x00001558   0x00000030   Code   RO          862    i.set_fault         bldc_misc_functions.o
    0x00001588   0x0000015c   Code   RO          961    i.square_wave_start_up_process  align_and_go_process.o
    0x000016e4   0x00000160   Code   RO          584    i.user_param_fill   user_parameter.o
    0x00001844   0x00000058   Code   RO          424    i.vbus_voltage_Max_Min_protect  motor_protect_check.o
    0x0000189c   0x00000204   Code   RO          283    ramfunc             pac523x_app.o
    0x00001aa0   0x0000004c   Code   RO          482    ramfunc             sim_config.o
    0x00001aec   0x00000098   Code   RO          510    ramfunc             fix16.o
    0x00001b84   0x0000006a   Code   RO          530    ramfunc             pid.o
    0x00001bee   0x00000002   PAD
    0x00001bf0   0x00000028   Code   RO          686    ramfunc             isr_timera.o
    0x00001c18   0x00000018   Code   RO          732    ramfunc             isr_timerc.o
    0x00001c30   0x00000164   Code   RO          752    ramfunc             isr_timerd.o
    0x00001d94   0x000000c0   Code   RO          863    ramfunc             bldc_misc_functions.o
    0x00001e54   0x000001a4   Code   RO         1009    ramfunc             get_zero_cross_point.o
    0x00001ff8   0x00000148   Code   RO         1057    ramfunc             braking_control.o
    0x00002140   0x00000064   Code   RO         1079    ramfunc             debug_dac.o
    0x000021a4   0x0000036c   Code   RO         2608    ramfunc             libsim_keil.lib(sim.o)
    0x00002510   0x00000016   Data   RO          284    .constdata          pac523x_app.o
    0x00002526   0x00000008   Data   RO          484    .constdata          sim_config.o
    0x0000252e   0x00000008   Data   RO          485    .constdata          sim_config.o
    0x00002536   0x00000007   Data   RO         1010    .constdata          get_zero_cross_point.o
    0x0000253d   0x00000007   Data   RO         1011    .constdata          get_zero_cross_point.o
    0x00002544   0x0000000e   Data   RO         1013    .constdata          get_zero_cross_point.o
    0x00002552   0x00000007   Data   RO         1014    .constdata          get_zero_cross_point.o
    0x00002559   0x00000003   PAD
    0x0000255c   0x00000020   Data   RO         2956    Region$$Table       anon$$obj.o


    Execution Region RW_IRAM1 (Base: 0x20000000, Size: 0x00000478, Max: 0x00002000, ABSOLUTE)

    Base Addr    Size         Type   Attr      Idx    E Section Name        Object

    0x20000000   0x00000002   Data   RW            6    .data               main.o
    0x20000002   0x00000001   Data   RW            7    .data               main.o
    0x20000003   0x00000001   PAD
    0x20000004   0x00000008   Data   RW          864    .data               bldc_misc_functions.o
    0x2000000c   0x00000078   Data   RW         1081    .data               debug_dac.o
    0x20000084   0x0000000c   Data   RW         1082    .data               debug_dac.o
    0x20000090   0x00000004   Data   RW         2578    .data               system_pac5xxx.o
    0x20000094   0x0000003c   Zero   RW            4    .bss                main.o
    0x200000d0   0x0000015c   Zero   RW            5    .bss                main.o
    0x2000022c   0x00000068   Zero   RW          483    .bss                sim_config.o
    0x20000294   0x00000058   Zero   RW          787    .bss                ppd_config.o
    0x200002ec   0x0000002c   Zero   RW         1080    .bss                debug_dac.o
    0x20000318   0x00000060   Zero   RW         2829    .bss                c_p.l(libspace.o)
    0x20000378   0x00000000   Zero   RW         2565    HEAP                startup_pac5xxx_keil.o
    0x20000378   0x00000100   Zero   RW         2564    STACK               startup_pac5xxx_keil.o


==============================================================================

Image component sizes


      Code (inc. data)   RO Data    RW Data    ZI Data      Debug   Object Name

       570         64          0          0          0       9509   align_and_go_process.o
       736         86          0          8          0      29514   bldc_misc_functions.o
       328         34          0          0          0       1764   braking_control.o
       224         24          0          0          0      12047   control_state_machine.o
       208         30          0        132         44       8934   debug_dac.o
       152          6          0          0          0       1552   fix16.o
       420         46         35          0          0      16297   get_zero_cross_point.o
        64         10          0          0          0        809   isr_adc.o
       104         24          0          0          0       6671   isr_gpio.o
       168         22          0          0          0       9051   isr_systick.o
        40         10          0          0          0       7252   isr_timera.o
        16          4          0          0          0       6900   isr_timerb.o
        24          6          0          0          0        768   isr_timerc.o
       356         40          0          0          0      14828   isr_timerd.o
        68         14          0          3        408     129764   main.o
       444         38          0          0          0       1405   main_state_machine.o
       164         22          0          0          0       1527   motor_protect_check.o
         0          0          0          0          0       8971   pac522x_app.o
       542         30         22          0          0      19428   pac523x_app.o
      1136         70          0          0          0      28690   pac523x_init.o
        96          8          0          0          0       1237   pac5xxx_driver_adc_config.o
        80         12          0          0          0       1143   pac5xxx_driver_adc_emux.o
       220         12          0          0          0       2007   pac5xxx_driver_adc_seq.o
        32         10          0          0          0        572   pac5xxx_driver_memctl_config.o
       144         10          0          0          0       1406   pac5xxx_driver_socbridge_config.o
        76          4          0          0          0        566   pac5xxx_driver_socbridge_config_io.o
        50          0          0          0          0        685   pac5xxx_driver_system_ccs_config.o
        96         10          0          0          0       1303   pac5xxx_driver_system_pll_config.o
        60          6          0          0          0       1445   pac5xxx_driver_system_pll_config_mhz.o
        68         12          0          0          0       1231   pac5xxx_driver_tile_socbridge.o
        22          0          0          0          0        660   pac5xxx_driver_tile_socbridge_config.o
       100         16          0          0          0        860   pac5xxx_driver_timer_base_config.o
        72         16          0          0          0        696   pac5xxx_driver_timer_base_int_enable.o
       220         28          0          0          0       1473   pac5xxx_driver_timer_cctrl_config.o
        84         18          0          0          0        721   pac5xxx_driver_timer_clock_config.o
       172         28          0          0          0       1481   pac5xxx_driver_timer_dtg_config.o
       212         20          0          0          0       2580   pac5xxx_driver_uart_config.o
       106          0          0          0          0       3189   pid.o
         0          0          0          0         88       3338   ppd_config.o
        76         14         16          0        104       1258   sim_config.o
        64         26        144          0        256       1112   startup_pac5xxx_keil.o
        16          8          0          4          0        743   system_pac5xxx.o
       352         54          0          0          0       1026   user_parameter.o

    ----------------------------------------------------------------------
      8196        896        252        148        900     346413   Object Totals
         0          0         32          0          0          0   (incl. Generated)
        14          4          3          1          0          0   (incl. Padding)

    ----------------------------------------------------------------------

      Code (inc. data)   RO Data    RW Data    ZI Data      Debug   Library Member Name

         8          0          0          0          0         68   __main.o
         0          0          0          0          0          0   __rtentry.o
        12          0          0          0          0          0   __rtentry2.o
         6          0          0          0          0          0   __rtentry4.o
        60          8          0          0          0          0   __scatter.o
        26          0          0          0          0          0   __scatter_copy.o
        28          0          0          0          0          0   __scatter_zi.o
        16          0          0          0          0         68   exit.o
         6          0          0          0          0        136   heapauxi.o
         0          0          0          0          0          0   indicate_semi.o
         2          0          0          0          0          0   libinit.o
         2          0          0          0          0          0   libinit2.o
         2          0          0          0          0          0   libshutdown.o
         2          0          0          0          0          0   libshutdown2.o
         8          4          0          0         96         68   libspace.o
         2          0          0          0          0          0   rtexit.o
        10          0          0          0          0          0   rtexit2.o
        12          4          0          0          0         60   sys_exit.o
        62          0          0          0          0         80   sys_stackheap_outer.o
         2          0          0          0          0         68   use_no_semi.o
       876         62          0          0          0     122465   sim.o

    ----------------------------------------------------------------------
      1148         78          0          0         96     123013   Library Totals
         6          0          0          0          0          0   (incl. Padding)

    ----------------------------------------------------------------------

      Code (inc. data)   RO Data    RW Data    ZI Data      Debug   Library Name

       266         16          0          0         96        548   c_p.l
       876         62          0          0          0     122465   libsim_keil.lib

    ----------------------------------------------------------------------
      1148         78          0          0         96     123013   Library Totals

    ----------------------------------------------------------------------

==============================================================================


      Code (inc. data)   RO Data    RW Data    ZI Data      Debug   

      9344        974        252        148        996     465814   Grand Totals
      9344        974        252        148        996     465814   ELF Image Totals
      9344        974        252        148          0          0   ROM Totals

==============================================================================

    Total RO  Size (Code + RO Data)                 9596 (   9.37kB)
    Total RW  Size (RW Data + ZI Data)              1144 (   1.12kB)
    Total ROM Size (Code + RO Data + RW Data)       9744 (   9.52kB)

==============================================================================

